Archive member included to satisfy reference by file (symbol)

/home/gray/arm-gcc/gcc-arm-none-eabi/bin/../lib/gcc/arm-none-eabi/10.2.1/../../../../arm-none-eabi/lib/thumb/v6-m/nofp/libc_nano.a(lib_a-exit.o)
                              /home/gray/arm-gcc/gcc-arm-none-eabi/bin/../lib/gcc/arm-none-eabi/10.2.1/../../../../arm-none-eabi/lib/thumb/v6-m/nofp/crt0.o (exit)
/home/gray/arm-gcc/gcc-arm-none-eabi/bin/../lib/gcc/arm-none-eabi/10.2.1/../../../../arm-none-eabi/lib/thumb/v6-m/nofp/libc_nano.a(lib_a-impure.o)
                              /home/gray/arm-gcc/gcc-arm-none-eabi/bin/../lib/gcc/arm-none-eabi/10.2.1/../../../../arm-none-eabi/lib/thumb/v6-m/nofp/libc_nano.a(lib_a-exit.o) (_global_impure_ptr)
/home/gray/arm-gcc/gcc-arm-none-eabi/bin/../lib/gcc/arm-none-eabi/10.2.1/../../../../arm-none-eabi/lib/thumb/v6-m/nofp/libc_nano.a(lib_a-init.o)
                              /home/gray/arm-gcc/gcc-arm-none-eabi/bin/../lib/gcc/arm-none-eabi/10.2.1/../../../../arm-none-eabi/lib/thumb/v6-m/nofp/crt0.o (__libc_init_array)
/home/gray/arm-gcc/gcc-arm-none-eabi/bin/../lib/gcc/arm-none-eabi/10.2.1/../../../../arm-none-eabi/lib/thumb/v6-m/nofp/libc_nano.a(lib_a-memset.o)
                              /home/gray/arm-gcc/gcc-arm-none-eabi/bin/../lib/gcc/arm-none-eabi/10.2.1/../../../../arm-none-eabi/lib/thumb/v6-m/nofp/crt0.o (memset)
/home/gray/arm-gcc/gcc-arm-none-eabi/bin/../lib/gcc/arm-none-eabi/10.2.1/../../../../arm-none-eabi/lib/thumb/v6-m/nofp/libnosys.a(_exit.o)
                              /home/gray/arm-gcc/gcc-arm-none-eabi/bin/../lib/gcc/arm-none-eabi/10.2.1/../../../../arm-none-eabi/lib/thumb/v6-m/nofp/libc_nano.a(lib_a-exit.o) (_exit)
/home/gray/arm-gcc/gcc-arm-none-eabi/bin/../lib/gcc/arm-none-eabi/10.2.1/thumb/v6-m/nofp/libgcc.a(_udivsi3.o)
                              build/stm32f0xx_hal_rcc.o (__aeabi_uidiv)
/home/gray/arm-gcc/gcc-arm-none-eabi/bin/../lib/gcc/arm-none-eabi/10.2.1/thumb/v6-m/nofp/libgcc.a(_dvmd_tls.o)
                              /home/gray/arm-gcc/gcc-arm-none-eabi/bin/../lib/gcc/arm-none-eabi/10.2.1/thumb/v6-m/nofp/libgcc.a(_udivsi3.o) (__aeabi_idiv0)

Discarded input sections

 .text          0x0000000000000000        0x0 /home/gray/arm-gcc/gcc-arm-none-eabi/bin/../lib/gcc/arm-none-eabi/10.2.1/thumb/v6-m/nofp/crti.o
 .data          0x0000000000000000        0x0 /home/gray/arm-gcc/gcc-arm-none-eabi/bin/../lib/gcc/arm-none-eabi/10.2.1/thumb/v6-m/nofp/crti.o
 .bss           0x0000000000000000        0x0 /home/gray/arm-gcc/gcc-arm-none-eabi/bin/../lib/gcc/arm-none-eabi/10.2.1/thumb/v6-m/nofp/crti.o
 .data          0x0000000000000000        0x4 /home/gray/arm-gcc/gcc-arm-none-eabi/bin/../lib/gcc/arm-none-eabi/10.2.1/thumb/v6-m/nofp/crtbegin.o
 .rodata        0x0000000000000000       0x24 /home/gray/arm-gcc/gcc-arm-none-eabi/bin/../lib/gcc/arm-none-eabi/10.2.1/thumb/v6-m/nofp/crtbegin.o
 .text          0x0000000000000000       0x80 /home/gray/arm-gcc/gcc-arm-none-eabi/bin/../lib/gcc/arm-none-eabi/10.2.1/../../../../arm-none-eabi/lib/thumb/v6-m/nofp/crt0.o
 .data          0x0000000000000000        0x0 /home/gray/arm-gcc/gcc-arm-none-eabi/bin/../lib/gcc/arm-none-eabi/10.2.1/../../../../arm-none-eabi/lib/thumb/v6-m/nofp/crt0.o
 .bss           0x0000000000000000        0x0 /home/gray/arm-gcc/gcc-arm-none-eabi/bin/../lib/gcc/arm-none-eabi/10.2.1/../../../../arm-none-eabi/lib/thumb/v6-m/nofp/crt0.o
 .ARM.extab     0x0000000000000000        0x0 /home/gray/arm-gcc/gcc-arm-none-eabi/bin/../lib/gcc/arm-none-eabi/10.2.1/../../../../arm-none-eabi/lib/thumb/v6-m/nofp/crt0.o
 .ARM.exidx     0x0000000000000000       0x10 /home/gray/arm-gcc/gcc-arm-none-eabi/bin/../lib/gcc/arm-none-eabi/10.2.1/../../../../arm-none-eabi/lib/thumb/v6-m/nofp/crt0.o
 .ARM.attributes
                0x0000000000000000       0x1b /home/gray/arm-gcc/gcc-arm-none-eabi/bin/../lib/gcc/arm-none-eabi/10.2.1/../../../../arm-none-eabi/lib/thumb/v6-m/nofp/crt0.o
 .text          0x0000000000000000        0x0 build/main.o
 .data          0x0000000000000000        0x0 build/main.o
 .bss           0x0000000000000000        0x0 build/main.o
 .text          0x0000000000000000        0x0 build/stm32f0xx_it.o
 .data          0x0000000000000000        0x0 build/stm32f0xx_it.o
 .bss           0x0000000000000000        0x0 build/stm32f0xx_it.o
 .text          0x0000000000000000        0x0 build/stm32f0xx_hal_msp.o
 .data          0x0000000000000000        0x0 build/stm32f0xx_hal_msp.o
 .bss           0x0000000000000000        0x0 build/stm32f0xx_hal_msp.o
 .text          0x0000000000000000        0x0 build/usb_device.o
 .data          0x0000000000000000        0x0 build/usb_device.o
 .bss           0x0000000000000000        0x0 build/usb_device.o
 .text          0x0000000000000000        0x0 build/usbd_desc.o
 .data          0x0000000000000000        0x0 build/usbd_desc.o
 .bss           0x0000000000000000        0x0 build/usbd_desc.o
 .text          0x0000000000000000        0x0 build/usbd_cdc_if.o
[...]
Memory Configuration

Name             Origin             Length             Attributes
RAM              0x0000000020000000 0x0000000000001800 xrw
FLASH            0x0000000008000000 0x0000000000008000 xr
*default*        0x0000000000000000 0xffffffffffffffff

Linker script and memory map

LOAD /home/gray/arm-gcc/gcc-arm-none-eabi/bin/../lib/gcc/arm-none-eabi/10.2.1/thumb/v6-m/nofp/crti.o
LOAD /home/gray/arm-gcc/gcc-arm-none-eabi/bin/../lib/gcc/arm-none-eabi/10.2.1/thumb/v6-m/nofp/crtbegin.o
LOAD /home/gray/arm-gcc/gcc-arm-none-eabi/bin/../lib/gcc/arm-none-eabi/10.2.1/../../../../arm-none-eabi/lib/thumb/v6-m/nofp/crt0.o
LOAD build/main.o
LOAD build/stm32f0xx_it.o
LOAD build/stm32f0xx_hal_msp.o
LOAD build/usb_device.o
LOAD build/usbd_desc.o
LOAD build/usbd_cdc_if.o
LOAD build/usbd_conf.o
LOAD build/stm32f0xx_ll_usb.o
LOAD build/stm32f0xx_hal_pcd.o
LOAD build/stm32f0xx_hal_pcd_ex.o
LOAD build/stm32f0xx_hal_rcc.o
LOAD build/stm32f0xx_hal_rcc_ex.o
LOAD build/stm32f0xx_hal.o
LOAD build/stm32f0xx_hal_i2c.o
LOAD build/stm32f0xx_hal_i2c_ex.o
LOAD build/stm32f0xx_hal_gpio.o
LOAD build/stm32f0xx_hal_dma.o
LOAD build/stm32f0xx_hal_cortex.o
LOAD build/stm32f0xx_hal_pwr.o
LOAD build/stm32f0xx_hal_pwr_ex.o
LOAD build/stm32f0xx_hal_flash.o
LOAD build/stm32f0xx_hal_flash_ex.o
LOAD build/stm32f0xx_hal_exti.o
LOAD build/stm32f0xx_hal_tim.o
LOAD build/stm32f0xx_hal_tim_ex.o
LOAD build/system_stm32f0xx.o
LOAD build/usbd_core.o
LOAD build/usbd_ctlreq.o
LOAD build/usbd_ioreq.o
LOAD build/usbd_cdc.o
LOAD build/startup_stm32f042x6.o
LOAD /home/gray/arm-gcc/gcc-arm-none-eabi/bin/../lib/gcc/arm-none-eabi/10.2.1/../../../../arm-none-eabi/lib/thumb/v6-m/nofp/libc_nano.a
LOAD /home/gray/arm-gcc/gcc-arm-none-eabi/bin/../lib/gcc/arm-none-eabi/10.2.1/../../../../arm-none-eabi/lib/thumb/v6-m/nofp/libm.a
LOAD /home/gray/arm-gcc/gcc-arm-none-eabi/bin/../lib/gcc/arm-none-eabi/10.2.1/../../../../arm-none-eabi/lib/thumb/v6-m/nofp/libnosys.a
START GROUP
LOAD /home/gray/arm-gcc/gcc-arm-none-eabi/bin/../lib/gcc/arm-none-eabi/10.2.1/thumb/v6-m/nofp/libgcc.a
LOAD /home/gray/arm-gcc/gcc-arm-none-eabi/bin/../lib/gcc/arm-none-eabi/10.2.1/../../../../arm-none-eabi/lib/thumb/v6-m/nofp/libc_nano.a
END GROUP
START GROUP
LOAD /home/gray/arm-gcc/gcc-arm-none-eabi/bin/../lib/gcc/arm-none-eabi/10.2.1/thumb/v6-m/nofp/libgcc.a
LOAD /home/gray/arm-gcc/gcc-arm-none-eabi/bin/../lib/gcc/arm-none-eabi/10.2.1/../../../../arm-none-eabi/lib/thumb/v6-m/nofp/libc_nano.a
END GROUP
LOAD /home/gray/arm-gcc/gcc-arm-none-eabi/bin/../lib/gcc/arm-none-eabi/10.2.1/thumb/v6-m/nofp/crtend.o
LOAD /home/gray/arm-gcc/gcc-arm-none-eabi/bin/../lib/gcc/arm-none-eabi/10.2.1/thumb/v6-m/nofp/crtn.o
                0x0000000020001800                _estack = 0x20001800
                0x0000000000000200                _Min_Heap_Size = 0x200
                0x0000000000000200                _Min_Stack_Size = 0x200

.isr_vector     0x0000000008000000       0xc0
                0x0000000008000000                . = ALIGN (0x4)
 *(.isr_vector)
 .isr_vector    0x0000000008000000       0xc0 build/startup_stm32f042x6.o
                0x0000000008000000                g_pfnVectors
                0x00000000080000c0                . = ALIGN (0x4)

.text           0x00000000080000c0     0x3a98
                0x00000000080000c0                . = ALIGN (0x4)
 *(.text)
 .text          0x00000000080000c0       0x48 /home/gray/arm-gcc/gcc-arm-none-eabi/bin/../lib/gcc/arm-none-eabi/10.2.1/thumb/v6-m/nofp/crtbegin.o
 .text          0x0000000008000108      0x114 /home/gray/arm-gcc/gcc-arm-none-eabi/bin/../lib/gcc/arm-none-eabi/10.2.1/thumb/v6-m/nofp/libgcc.a(_udivsi3.o)
                0x0000000008000108                __udivsi3
                0x0000000008000108                __aeabi_uidiv
                0x0000000008000214                __aeabi_uidivmod
 .text          0x000000000800021c        0x4 /home/gray/arm-gcc/gcc-arm-none-eabi/bin/../lib/gcc/arm-none-eabi/10.2.1/thumb/v6-m/nofp/libgcc.a(_dvmd_tls.o)
                0x000000000800021c                __aeabi_ldiv0
                0x000000000800021c                __aeabi_idiv0
 *(.text*)
 .text.MX_GPIO_Init
                0x0000000008000220       0x20 build/main.o
 .text.Error_Handler
                0x0000000008000240        0x4 build/main.o
                0x0000000008000240                Error_Handler
 .text.SystemClock_Config
                0x0000000008000244       0x72 build/main.o
                0x0000000008000244                SystemClock_Config
 .text.main     0x00000000080002b6       0x14 build/main.o
                0x00000000080002b6                main
 .text.NMI_Handler
                0x00000000080002ca        0x2 build/stm32f0xx_it.o
                0x00000000080002ca                NMI_Handler
 .text.HardFault_Handler
                0x00000000080002cc        0x2 build/stm32f0xx_it.o
                0x00000000080002cc                HardFault_Handler
 .text.SVC_Handler
                0x00000000080002ce        0x2 build/stm32f0xx_it.o
                0x00000000080002ce                SVC_Handler
 .text.PendSV_Handler
                0x00000000080002d0        0x2 build/stm32f0xx_it.o
                0x00000000080002d0                PendSV_Handler
 .text.SysTick_Handler
                0x00000000080002d2        0x8 build/stm32f0xx_it.o
                0x00000000080002d2                SysTick_Handler
 *fill*         0x00000000080002da        0x2 
 .text.USB_IRQHandler
                0x00000000080002dc       0x10 build/stm32f0xx_it.o
                0x00000000080002dc                USB_IRQHandler
 .text.HAL_MspInit
                0x00000000080002ec       0x30 build/stm32f0xx_hal_msp.o
                0x00000000080002ec                HAL_MspInit
 .text.MX_USB_DEVICE_Init
                0x000000000800031c       0x5c build/usb_device.o
                0x000000000800031c                MX_USB_DEVICE_Init
 .text.USBD_FS_DeviceDescriptor
                0x0000000008000378        0xc build/usbd_desc.o
                0x0000000008000378                USBD_FS_DeviceDescriptor
 .text.USBD_FS_LangIDStrDescriptor
                0x0000000008000384        0xc build/usbd_desc.o
                0x0000000008000384                USBD_FS_LangIDStrDescriptor
 .text.IntToUnicode
                0x0000000008000390       0x30 build/usbd_desc.o
 .text.Get_SerialNum
                0x00000000080003c0       0x40 build/usbd_desc.o
 .text.USBD_FS_SerialStrDescriptor
                0x0000000008000400       0x14 build/usbd_desc.o
                0x0000000008000400                USBD_FS_SerialStrDescriptor
 .text.USBD_FS_ProductStrDescriptor
                0x0000000008000414       0x28 build/usbd_desc.o
                0x0000000008000414                USBD_FS_ProductStrDescriptor
 .text.USBD_FS_ManufacturerStrDescriptor
                0x000000000800043c       0x1c build/usbd_desc.o
                0x000000000800043c                USBD_FS_ManufacturerStrDescriptor
 .text.USBD_FS_ConfigStrDescriptor
                0x0000000008000458       0x28 build/usbd_desc.o
                0x0000000008000458                USBD_FS_ConfigStrDescriptor
 .text.USBD_FS_InterfaceStrDescriptor
                0x0000000008000480       0x28 build/usbd_desc.o
                0x0000000008000480                USBD_FS_InterfaceStrDescriptor
 .text.CDC_DeInit_FS
                0x00000000080004a8        0x4 build/usbd_cdc_if.o
 .text.CDC_Control_FS
                0x00000000080004ac        0x4 build/usbd_cdc_if.o
 .text.CDC_Receive_FS
                0x00000000080004b0       0x1c build/usbd_cdc_if.o
 .text.CDC_Init_FS
                0x00000000080004cc       0x28 build/usbd_cdc_if.o
 .text.USBD_Get_USB_Status
                0x00000000080004f4       0x16 build/usbd_conf.o
 .text.SystemClockConfig_Resume
                0x000000000800050a        0x8 build/usbd_conf.o
 *fill*         0x0000000008000512        0x2 
 .text.HAL_PCD_MspInit
                0x0000000008000514       0x40 build/usbd_conf.o
                0x0000000008000514                HAL_PCD_MspInit
 .text.HAL_PCD_SetupStageCallback
                0x0000000008000554       0x16 build/usbd_conf.o
                0x0000000008000554                HAL_PCD_SetupStageCallback
 .text.HAL_PCD_DataOutStageCallback
                0x000000000800056a       0x1e build/usbd_conf.o
                0x000000000800056a                HAL_PCD_DataOutStageCallback
 .text.HAL_PCD_DataInStageCallback
                0x0000000008000588       0x1a build/usbd_conf.o
                0x0000000008000588                HAL_PCD_DataInStageCallback
 .text.HAL_PCD_SOFCallback
                0x00000000080005a2        0xe build/usbd_conf.o
                0x00000000080005a2                HAL_PCD_SOFCallback
 .text.HAL_PCD_ResetCallback
                0x00000000080005b0       0x24 build/usbd_conf.o
                0x00000000080005b0                HAL_PCD_ResetCallback
 .text.HAL_PCD_SuspendCallback
                0x00000000080005d4       0x24 build/usbd_conf.o
                0x00000000080005d4                HAL_PCD_SuspendCallback
 .text.HAL_PCD_ResumeCallback
                0x00000000080005f8       0x2c build/usbd_conf.o
                0x00000000080005f8                HAL_PCD_ResumeCallback
 .text.USBD_LL_Init
                0x0000000008000624       0x84 build/usbd_conf.o
                0x0000000008000624                USBD_LL_Init
 .text.USBD_LL_Start
                0x00000000080006a8       0x12 build/usbd_conf.o
                0x00000000080006a8                USBD_LL_Start
 .text.USBD_LL_OpenEP
                0x00000000080006ba       0x18 build/usbd_conf.o
                0x00000000080006ba                USBD_LL_OpenEP
 .text.USBD_LL_CloseEP
                0x00000000080006d2       0x12 build/usbd_conf.o
                0x00000000080006d2                USBD_LL_CloseEP
 .text.USBD_LL_StallEP
                0x00000000080006e4       0x12 build/usbd_conf.o
                0x00000000080006e4                USBD_LL_StallEP
 .text.USBD_LL_ClearStallEP
                0x00000000080006f6       0x12 build/usbd_conf.o
                0x00000000080006f6                USBD_LL_ClearStallEP
 .text.USBD_LL_IsStallEP
                0x0000000008000708       0x32 build/usbd_conf.o
                0x0000000008000708                USBD_LL_IsStallEP
 .text.USBD_LL_SetUSBAddress
                0x000000000800073a       0x12 build/usbd_conf.o
                0x000000000800073a                USBD_LL_SetUSBAddress
 .text.USBD_LL_Transmit
                0x000000000800074c       0x12 build/usbd_conf.o
                0x000000000800074c                USBD_LL_Transmit
 .text.USBD_LL_PrepareReceive
                0x000000000800075e       0x12 build/usbd_conf.o
                0x000000000800075e                USBD_LL_PrepareReceive
 .text.USBD_LL_GetRxDataSize
                0x0000000008000770        0xe build/usbd_conf.o
                0x0000000008000770                USBD_LL_GetRxDataSize
 *fill*         0x000000000800077e        0x2 
 .text.USBD_static_malloc
                0x0000000008000780        0x8 build/usbd_conf.o
                0x0000000008000780                USBD_static_malloc
 .text.USBD_static_free
                0x0000000008000788        0x2 build/usbd_conf.o
                0x0000000008000788                USBD_static_free
 *fill*         0x000000000800078a        0x2 
 .text.USB_EnableGlobalInt
                0x000000000800078c       0x14 build/stm32f0xx_ll_usb.o
                0x000000000800078c                USB_EnableGlobalInt
 .text.USB_DisableGlobalInt
                0x00000000080007a0       0x14 build/stm32f0xx_ll_usb.o
                0x00000000080007a0                USB_DisableGlobalInt
 .text.USB_DevInit
                0x00000000080007b4       0x20 build/stm32f0xx_ll_usb.o
                0x00000000080007b4                USB_DevInit
 .text.USB_ActivateEndpoint
                0x00000000080007d4      0x2e8 build/stm32f0xx_ll_usb.o
                0x00000000080007d4                USB_ActivateEndpoint
 .text.USB_DeactivateEndpoint
                0x0000000008000abc      0x170 build/stm32f0xx_ll_usb.o
                0x0000000008000abc                USB_DeactivateEndpoint
 .text.USB_EPSetStall
                0x0000000008000c2c       0x4c build/stm32f0xx_ll_usb.o
                0x0000000008000c2c                USB_EPSetStall
 .text.USB_EPClearStall
                0x0000000008000c78       0x9c build/stm32f0xx_ll_usb.o
                0x0000000008000c78                USB_EPClearStall
 .text.USB_SetDevAddress
                0x0000000008000d14        0xe build/stm32f0xx_ll_usb.o
                0x0000000008000d14                USB_SetDevAddress
 *fill*         0x0000000008000d22        0x2 
 .text.USB_DevConnect
                0x0000000008000d24       0x14 build/stm32f0xx_ll_usb.o
                0x0000000008000d24                USB_DevConnect
 .text.USB_ReadInterrupts
                0x0000000008000d38        0x8 build/stm32f0xx_ll_usb.o
                0x0000000008000d38                USB_ReadInterrupts
 .text.USB_WritePMA
                0x0000000008000d40       0x28 build/stm32f0xx_ll_usb.o
                0x0000000008000d40                USB_WritePMA
 .text.USB_EPStartXfer
                0x0000000008000d68      0x710 build/stm32f0xx_ll_usb.o
                0x0000000008000d68                USB_EPStartXfer
 .text.USB_ReadPMA
                0x0000000008001478       0x2c build/stm32f0xx_ll_usb.o
                0x0000000008001478                USB_ReadPMA
 .text.HAL_PCD_EP_DB_Receive
                0x00000000080014a4      0x118 build/stm32f0xx_hal_pcd.o
 .text.HAL_PCD_Init
                0x00000000080015bc       0xe4 build/stm32f0xx_hal_pcd.o
                0x00000000080015bc                HAL_PCD_Init
 .text.HAL_PCD_Start
                0x00000000080016a0       0x2e build/stm32f0xx_hal_pcd.o
                0x00000000080016a0                HAL_PCD_Start
 *fill*         0x00000000080016ce        0x2 
 .text.HAL_PCD_EP_DB_Transmit
                0x00000000080016d0      0x2ac build/stm32f0xx_hal_pcd.o
 .text.PCD_EP_ISR_Handler
                0x000000000800197c      0x454 build/stm32f0xx_hal_pcd.o
 .text.HAL_PCD_SetAddress
                0x0000000008001dd0       0x2c build/stm32f0xx_hal_pcd.o
                0x0000000008001dd0                HAL_PCD_SetAddress
 .text.HAL_PCD_IRQHandler
                0x0000000008001dfc      0x1a8 build/stm32f0xx_hal_pcd.o
                0x0000000008001dfc                HAL_PCD_IRQHandler
 .text.HAL_PCD_EP_Open
                0x0000000008001fa4       0x7e build/stm32f0xx_hal_pcd.o
                0x0000000008001fa4                HAL_PCD_EP_Open
 .text.HAL_PCD_EP_Close
                0x0000000008002022       0x68 build/stm32f0xx_hal_pcd.o
                0x0000000008002022                HAL_PCD_EP_Close
 .text.HAL_PCD_EP_Receive
                0x000000000800208a       0x56 build/stm32f0xx_hal_pcd.o
                0x000000000800208a                HAL_PCD_EP_Receive
 .text.HAL_PCD_EP_GetRxCount
                0x00000000080020e0       0x14 build/stm32f0xx_hal_pcd.o
                0x00000000080020e0                HAL_PCD_EP_GetRxCount
 .text.HAL_PCD_EP_Transmit
                0x00000000080020f4       0x5c build/stm32f0xx_hal_pcd.o
                0x00000000080020f4                HAL_PCD_EP_Transmit
 .text.HAL_PCD_EP_SetStall
                0x0000000008002150       0x6e build/stm32f0xx_hal_pcd.o
                0x0000000008002150                HAL_PCD_EP_SetStall
 .text.HAL_PCD_EP_ClrStall
                0x00000000080021be       0x7a build/stm32f0xx_hal_pcd.o
                0x00000000080021be                HAL_PCD_EP_ClrStall
 .text.HAL_PCDEx_PMAConfig
                0x0000000008002238       0x3a build/stm32f0xx_hal_pcd_ex.o
                0x0000000008002238                HAL_PCDEx_PMAConfig
 .text.HAL_PCDEx_ActivateLPM
                0x0000000008002272       0x2a build/stm32f0xx_hal_pcd_ex.o
                0x0000000008002272                HAL_PCDEx_ActivateLPM
 .text.HAL_PCDEx_LPM_Callback
                0x000000000800229c        0x2 build/stm32f0xx_hal_pcd_ex.o
                0x000000000800229c                HAL_PCDEx_LPM_Callback
 *fill*         0x000000000800229e        0x2 
 .text.HAL_RCC_OscConfig
                0x00000000080022a0      0x544 build/stm32f0xx_hal_rcc.o
                0x00000000080022a0                HAL_RCC_OscConfig
 .text.HAL_RCC_GetSysClockFreq
                0x00000000080027e4       0x94 build/stm32f0xx_hal_rcc.o
                0x00000000080027e4                HAL_RCC_GetSysClockFreq
 .text.HAL_RCC_ClockConfig
                0x0000000008002878      0x144 build/stm32f0xx_hal_rcc.o
                0x0000000008002878                HAL_RCC_ClockConfig
 .text.HAL_RCCEx_PeriphCLKConfig
                0x00000000080029bc      0x144 build/stm32f0xx_hal_rcc_ex.o
                0x00000000080029bc                HAL_RCCEx_PeriphCLKConfig
 .text.HAL_InitTick
                0x0000000008002b00       0x50 build/stm32f0xx_hal.o
                0x0000000008002b00                HAL_InitTick
 .text.HAL_Init
                0x0000000008002b50       0x20 build/stm32f0xx_hal.o
                0x0000000008002b50                HAL_Init
 .text.HAL_IncTick
                0x0000000008002b70       0x18 build/stm32f0xx_hal.o
                0x0000000008002b70                HAL_IncTick
 .text.HAL_GetTick
                0x0000000008002b88        0xc build/stm32f0xx_hal.o
                0x0000000008002b88                HAL_GetTick
 .text.HAL_NVIC_SetPriority
                0x0000000008002b94       0x60 build/stm32f0xx_hal_cortex.o
                0x0000000008002b94                HAL_NVIC_SetPriority
 .text.HAL_NVIC_EnableIRQ
                0x0000000008002bf4       0x18 build/stm32f0xx_hal_cortex.o
                0x0000000008002bf4                HAL_NVIC_EnableIRQ
 .text.HAL_SYSTICK_Config
                0x0000000008002c0c       0x38 build/stm32f0xx_hal_cortex.o
                0x0000000008002c0c                HAL_SYSTICK_Config
 .text.SystemInit
                0x0000000008002c44        0x2 build/system_stm32f0xx.o
                0x0000000008002c44                SystemInit
 .text.USBD_Init
                0x0000000008002c46       0x38 build/usbd_core.o
                0x0000000008002c46                USBD_Init
 .text.USBD_RegisterClass
                0x0000000008002c7e       0x12 build/usbd_core.o
                0x0000000008002c7e                USBD_RegisterClass
 .text.USBD_Start
                0x0000000008002c90        0xa build/usbd_core.o
                0x0000000008002c90                USBD_Start
 .text.USBD_SetClassConfig
                0x0000000008002c9a       0x1e build/usbd_core.o
                0x0000000008002c9a                USBD_SetClassConfig
 .text.USBD_ClrClassConfig
                0x0000000008002cb8       0x10 build/usbd_core.o
                0x0000000008002cb8                USBD_ClrClassConfig
 .text.USBD_LL_SetupStage
                0x0000000008002cc8       0x64 build/usbd_core.o
                0x0000000008002cc8                USBD_LL_SetupStage
 .text.USBD_LL_DataOutStage
                0x0000000008002d2c       0xa4 build/usbd_core.o
                0x0000000008002d2c                USBD_LL_DataOutStage
 .text.USBD_LL_DataInStage
                0x0000000008002dd0       0xea build/usbd_core.o
                0x0000000008002dd0                USBD_LL_DataInStage
 .text.USBD_LL_Reset
                0x0000000008002eba       0x5e build/usbd_core.o
                0x0000000008002eba                USBD_LL_Reset
 .text.USBD_LL_SetSpeed
                0x0000000008002f18        0x6 build/usbd_core.o
                0x0000000008002f18                USBD_LL_SetSpeed
 *fill*         0x0000000008002f1e        0x2 
 .text.USBD_LL_Suspend
                0x0000000008002f20       0x18 build/usbd_core.o
                0x0000000008002f20                USBD_LL_Suspend
 .text.USBD_LL_Resume
                0x0000000008002f38       0x1c build/usbd_core.o
                0x0000000008002f38                USBD_LL_Resume
 .text.USBD_LL_SOF
                0x0000000008002f54       0x20 build/usbd_core.o
                0x0000000008002f54                USBD_LL_SOF
 .text.USBD_GetLen
                0x0000000008002f74       0x14 build/usbd_ctlreq.o
 .text.USBD_SetFeature
                0x0000000008002f88       0x18 build/usbd_ctlreq.o
 .text.USBD_ParseSetupRequest
                0x0000000008002fa0       0x28 build/usbd_ctlreq.o
                0x0000000008002fa0                USBD_ParseSetupRequest
 .text.USBD_CtlError
                0x0000000008002fc8       0x14 build/usbd_ctlreq.o
                0x0000000008002fc8                USBD_CtlError
 .text.USBD_GetDescriptor
                0x0000000008002fdc      0x1b8 build/usbd_ctlreq.o
 .text.USBD_SetAddress
                0x0000000008003194       0x60 build/usbd_ctlreq.o
 .text.USBD_SetConfig
                0x00000000080031f4       0xb8 build/usbd_ctlreq.o
 .text.USBD_GetConfig
                0x00000000080032ac       0x40 build/usbd_ctlreq.o
 .text.USBD_GetStatus
                0x00000000080032ec       0x3e build/usbd_ctlreq.o
 .text.USBD_ClrFeature
                0x000000000800332a       0x2a build/usbd_ctlreq.o
 .text.USBD_StdDevReq
                0x0000000008003354       0x6c build/usbd_ctlreq.o
                0x0000000008003354                USBD_StdDevReq
 .text.USBD_StdItfReq
                0x00000000080033c0       0x66 build/usbd_ctlreq.o
                0x00000000080033c0                USBD_StdItfReq
 .text.USBD_StdEPReq
                0x0000000008003426      0x210 build/usbd_ctlreq.o
                0x0000000008003426                USBD_StdEPReq
 .text.USBD_GetString
                0x0000000008003636       0x3c build/usbd_ctlreq.o
                0x0000000008003636                USBD_GetString
 .text.USBD_CtlSendData
                0x0000000008003672       0x1c build/usbd_ioreq.o
                0x0000000008003672                USBD_CtlSendData
 .text.USBD_CtlContinueSendData
                0x000000000800368e       0x10 build/usbd_ioreq.o
                0x000000000800368e                USBD_CtlContinueSendData
 .text.USBD_CtlPrepareRx
                0x000000000800369e       0x22 build/usbd_ioreq.o
                0x000000000800369e                USBD_CtlPrepareRx
 .text.USBD_CtlContinueRx
                0x00000000080036c0       0x10 build/usbd_ioreq.o
                0x00000000080036c0                USBD_CtlContinueRx
 .text.USBD_CtlSendStatus
                0x00000000080036d0       0x18 build/usbd_ioreq.o
                0x00000000080036d0                USBD_CtlSendStatus
 .text.USBD_CtlReceiveStatus
                0x00000000080036e8       0x18 build/usbd_ioreq.o
                0x00000000080036e8                USBD_CtlReceiveStatus
 .text.USBD_CDC_EP0_RxReady
                0x0000000008003700       0x34 build/usbd_cdc.o
 .text.USBD_CDC_GetFSCfgDesc
                0x0000000008003734        0xc build/usbd_cdc.o
 .text.USBD_CDC_GetHSCfgDesc
                0x0000000008003740        0xc build/usbd_cdc.o
 .text.USBD_CDC_GetOtherSpeedCfgDesc
                0x000000000800374c        0xc build/usbd_cdc.o
 .text.USBD_CDC_GetDeviceQualifierDescriptor
                0x0000000008003758        0xc build/usbd_cdc.o
                0x0000000008003758                USBD_CDC_GetDeviceQualifierDescriptor
 .text.USBD_CDC_DataOut
                0x0000000008003764       0x36 build/usbd_cdc.o
 .text.USBD_CDC_DataIn
                0x000000000800379a       0x5c build/usbd_cdc.o
 *fill*         0x00000000080037f6        0x2 
 .text.USBD_CDC_Setup
                0x00000000080037f8       0xf0 build/usbd_cdc.o
 .text.USBD_CDC_DeInit
                0x00000000080038e8       0x4c build/usbd_cdc.o
 .text.USBD_CDC_Init
                0x0000000008003934       0xbc build/usbd_cdc.o
 .text.USBD_CDC_RegisterInterface
                0x00000000080039f0       0x12 build/usbd_cdc.o
                0x00000000080039f0                USBD_CDC_RegisterInterface
 .text.USBD_CDC_SetTxBuffer
                0x0000000008003a02       0x16 build/usbd_cdc.o
                0x0000000008003a02                USBD_CDC_SetTxBuffer
 .text.USBD_CDC_SetRxBuffer
                0x0000000008003a18        0xe build/usbd_cdc.o
                0x0000000008003a18                USBD_CDC_SetRxBuffer
 .text.USBD_CDC_ReceivePacket
                0x0000000008003a26       0x3c build/usbd_cdc.o
                0x0000000008003a26                USBD_CDC_ReceivePacket
 *fill*         0x0000000008003a62        0x2 
 .text.Reset_Handler
                0x0000000008003a64       0x80 build/startup_stm32f042x6.o
                0x0000000008003a64                Reset_Handler
 .text.Default_Handler
                0x0000000008003ae4        0x2 build/startup_stm32f042x6.o
                0x0000000008003ae4                TIM1_CC_IRQHandler
                0x0000000008003ae4                TSC_IRQHandler
                0x0000000008003ae4                I2C1_IRQHandler
                0x0000000008003ae4                RCC_CRS_IRQHandler
                0x0000000008003ae4                SPI1_IRQHandler
                0x0000000008003ae4                EXTI2_3_IRQHandler
                0x0000000008003ae4                ADC1_IRQHandler
                0x0000000008003ae4                TIM17_IRQHandler
                0x0000000008003ae4                CEC_CAN_IRQHandler
                0x0000000008003ae4                RTC_IRQHandler
                0x0000000008003ae4                PVD_VDDIO2_IRQHandler
                0x0000000008003ae4                TIM16_IRQHandler
                0x0000000008003ae4                TIM3_IRQHandler
                0x0000000008003ae4                EXTI4_15_IRQHandler
                0x0000000008003ae4                DMA1_Channel1_IRQHandler
                0x0000000008003ae4                Default_Handler
                0x0000000008003ae4                TIM14_IRQHandler
                0x0000000008003ae4                DMA1_Channel4_5_IRQHandler
                0x0000000008003ae4                EXTI0_1_IRQHandler
                0x0000000008003ae4                SPI2_IRQHandler
                0x0000000008003ae4                WWDG_IRQHandler
                0x0000000008003ae4                TIM2_IRQHandler
                0x0000000008003ae4                DMA1_Channel2_3_IRQHandler
                0x0000000008003ae4                USART2_IRQHandler
                0x0000000008003ae4                FLASH_IRQHandler
                0x0000000008003ae4                USART1_IRQHandler
                0x0000000008003ae4                TIM1_BRK_UP_TRG_COM_IRQHandler
 *fill*         0x0000000008003ae6        0x2 
 .text.__libc_init_array
                0x0000000008003ae8       0x48 /home/gray/arm-gcc/gcc-arm-none-eabi/bin/../lib/gcc/arm-none-eabi/10.2.1/../../../../arm-none-eabi/lib/thumb/v6-m/nofp/libc_nano.a(lib_a-init.o)
                0x0000000008003ae8                __libc_init_array
 .text.memset   0x0000000008003b30       0x10 /home/gray/arm-gcc/gcc-arm-none-eabi/bin/../lib/gcc/arm-none-eabi/10.2.1/../../../../arm-none-eabi/lib/thumb/v6-m/nofp/libc_nano.a(lib_a-memset.o)
                0x0000000008003b30                memset
 *(.glue_7)
 .glue_7        0x0000000008003b40        0x0 linker stubs
 *(.glue_7t)
 .glue_7t       0x0000000008003b40        0x0 linker stubs
 *(.eh_frame)
 .eh_frame      0x0000000008003b40        0x0 /home/gray/arm-gcc/gcc-arm-none-eabi/bin/../lib/gcc/arm-none-eabi/10.2.1/thumb/v6-m/nofp/crtbegin.o
 *(.init)
 .init          0x0000000008003b40        0x4 /home/gray/arm-gcc/gcc-arm-none-eabi/bin/../lib/gcc/arm-none-eabi/10.2.1/thumb/v6-m/nofp/crti.o
                0x0000000008003b40                _init
 .init          0x0000000008003b44        0x8 /home/gray/arm-gcc/gcc-arm-none-eabi/bin/../lib/gcc/arm-none-eabi/10.2.1/thumb/v6-m/nofp/crtn.o
 *(.fini)
 .fini          0x0000000008003b4c        0x4 /home/gray/arm-gcc/gcc-arm-none-eabi/bin/../lib/gcc/arm-none-eabi/10.2.1/thumb/v6-m/nofp/crti.o
                0x0000000008003b4c                _fini
 .fini          0x0000000008003b50        0x8 /home/gray/arm-gcc/gcc-arm-none-eabi/bin/../lib/gcc/arm-none-eabi/10.2.1/thumb/v6-m/nofp/crtn.o
                0x0000000008003b58                . = ALIGN (0x4)
                0x0000000008003b58                _etext = .

.vfp11_veneer   0x0000000008003b58        0x0
 .vfp11_veneer  0x0000000008003b58        0x0 linker stubs

.v4_bx          0x0000000008003b58        0x0
 .v4_bx         0x0000000008003b58        0x0 linker stubs

.iplt           0x0000000008003b58        0x0
 .iplt          0x0000000008003b58        0x0 /home/gray/arm-gcc/gcc-arm-none-eabi/bin/../lib/gcc/arm-none-eabi/10.2.1/thumb/v6-m/nofp/crtbegin.o

.rodata         0x0000000008003b58       0xe0
                0x0000000008003b58                . = ALIGN (0x4)
 *(.rodata)
 *(.rodata*)
 .rodata.USBD_FS_ProductStrDescriptor.str1.4
                0x0000000008003b58       0x16 build/usbd_desc.o
 *fill*         0x0000000008003b6e        0x2 
 .rodata.USBD_FS_ManufacturerStrDescriptor.str1.4
                0x0000000008003b70       0x13 build/usbd_desc.o
 *fill*         0x0000000008003b83        0x1 
 .rodata.USBD_FS_ConfigStrDescriptor.str1.4
                0x0000000008003b84        0xb build/usbd_desc.o
 *fill*         0x0000000008003b8f        0x1 
 .rodata.USBD_FS_InterfaceStrDescriptor.str1.4
                0x0000000008003b90        0xe build/usbd_desc.o
 *fill*         0x0000000008003b9e        0x2 
 .rodata.HAL_RCC_GetSysClockFreq.str1.4
                0x0000000008003ba0       0x25 build/stm32f0xx_hal_rcc.o
 *fill*         0x0000000008003bc5        0x3 
 .rodata.AHBPrescTable
                0x0000000008003bc8       0x10 build/system_stm32f0xx.o
                0x0000000008003bc8                AHBPrescTable
 .rodata.USBD_GetDescriptor
                0x0000000008003bd8       0x38 build/usbd_ctlreq.o
 .rodata.USBD_StdDevReq
                0x0000000008003c10       0x28 build/usbd_ctlreq.o
                0x0000000008003c38                . = ALIGN (0x4)

.rel.dyn        0x0000000008003c38        0x0
 .rel.iplt      0x0000000008003c38        0x0 /home/gray/arm-gcc/gcc-arm-none-eabi/bin/../lib/gcc/arm-none-eabi/10.2.1/thumb/v6-m/nofp/crtbegin.o

.ARM.extab
 *(.ARM.extab* .gnu.linkonce.armextab.*)

.ARM            0x0000000008003c38        0x0
                0x0000000008003c38                __exidx_start = .
 *(.ARM.exidx*)
                0x0000000008003c38                __exidx_end = .

.preinit_array  0x0000000008003c38        0x0
                0x0000000008003c38                PROVIDE (__preinit_array_start = .)
 *(.preinit_array*)
                0x0000000008003c38                PROVIDE (__preinit_array_end = .)

.init_array     0x0000000008003c38        0x4
                0x0000000008003c38                PROVIDE (__init_array_start = .)
 *(SORT_BY_NAME(.init_array.*))
 *(.init_array*)
 .init_array    0x0000000008003c38        0x4 /home/gray/arm-gcc/gcc-arm-none-eabi/bin/../lib/gcc/arm-none-eabi/10.2.1/thumb/v6-m/nofp/crtbegin.o
                0x0000000008003c3c                PROVIDE (__init_array_end = .)

.fini_array     0x0000000008003c3c        0x4
                [!provide]                        PROVIDE (__fini_array_start = .)
 *(SORT_BY_NAME(.fini_array.*))
 *(.fini_array*)
 .fini_array    0x0000000008003c3c        0x4 /home/gray/arm-gcc/gcc-arm-none-eabi/bin/../lib/gcc/arm-none-eabi/10.2.1/thumb/v6-m/nofp/crtbegin.o
                [!provide]                        PROVIDE (__fini_array_end = .)
                0x0000000008003c40                _sidata = LOADADDR (.data)

.data           0x0000000020000000      0x17c load address 0x0000000008003c40
                0x0000000020000000                . = ALIGN (0x4)
                0x0000000020000000                _sdata = .
 *(.data)
 *(.data*)
 .data.FS_Desc  0x0000000020000000       0x1c build/usbd_desc.o
                0x0000000020000000                FS_Desc
 .data.USBD_FS_DeviceDesc
                0x000000002000001c       0x12 build/usbd_desc.o
                0x000000002000001c                USBD_FS_DeviceDesc
 *fill*         0x000000002000002e        0x2 
 .data.USBD_LangIDDesc
                0x0000000020000030        0x4 build/usbd_desc.o
                0x0000000020000030                USBD_LangIDDesc
 .data.USBD_StringSerial
                0x0000000020000034       0x1a build/usbd_desc.o
                0x0000000020000034                USBD_StringSerial
 *fill*         0x000000002000004e        0x2 
 .data.USBD_Interface_fops_FS
                0x0000000020000050       0x10 build/usbd_cdc_if.o
                0x0000000020000050                USBD_Interface_fops_FS
 .data.uwTickFreq
                0x0000000020000060        0x1 build/stm32f0xx_hal.o
                0x0000000020000060                uwTickFreq
 *fill*         0x0000000020000061        0x3 
 .data.uwTickPrio
                0x0000000020000064        0x4 build/stm32f0xx_hal.o
                0x0000000020000064                uwTickPrio
 .data.SystemCoreClock
                0x0000000020000068        0x4 build/system_stm32f0xx.o
                0x0000000020000068                SystemCoreClock
 .data.USBD_CDC
                0x000000002000006c       0x38 build/usbd_cdc.o
                0x000000002000006c                USBD_CDC
 .data.USBD_CDC_CfgFSDesc
                0x00000000200000a4       0x43 build/usbd_cdc.o
                0x00000000200000a4                USBD_CDC_CfgFSDesc
 *fill*         0x00000000200000e7        0x1 
 .data.USBD_CDC_CfgHSDesc
                0x00000000200000e8       0x43 build/usbd_cdc.o
                0x00000000200000e8                USBD_CDC_CfgHSDesc
 *fill*         0x000000002000012b        0x1 
 .data.USBD_CDC_DeviceQualifierDesc
                0x000000002000012c        0xa build/usbd_cdc.o
 *fill*         0x0000000020000136        0x2 
 .data.USBD_CDC_OtherSpeedCfgDesc
                0x0000000020000138       0x43 build/usbd_cdc.o
                0x0000000020000138                USBD_CDC_OtherSpeedCfgDesc
                0x000000002000017c                . = ALIGN (0x4)
 *fill*         0x000000002000017b        0x1 
                0x000000002000017c                _edata = .

.igot.plt       0x000000002000017c        0x0 load address 0x0000000008003dbc
 .igot.plt      0x000000002000017c        0x0 /home/gray/arm-gcc/gcc-arm-none-eabi/bin/../lib/gcc/arm-none-eabi/10.2.1/thumb/v6-m/nofp/crtbegin.o
                0x000000002000017c                . = ALIGN (0x4)

.bss            0x000000002000017c     0x11cc load address 0x0000000008003dbc
                0x000000002000017c                _sbss = .
                0x000000002000017c                __bss_start__ = _sbss
 *(.bss)
 .bss           0x000000002000017c       0x1c /home/gray/arm-gcc/gcc-arm-none-eabi/bin/../lib/gcc/arm-none-eabi/10.2.1/thumb/v6-m/nofp/crtbegin.o
 *(.bss*)
 .bss.hUsbDeviceFS
                0x0000000020000198      0x2c4 build/usb_device.o
                0x0000000020000198                hUsbDeviceFS
 .bss.USBD_StrDesc
                0x000000002000045c      0x200 build/usbd_desc.o
                0x000000002000045c                USBD_StrDesc
 .bss.UserRxBufferFS
                0x000000002000065c      0x3e8 build/usbd_cdc_if.o
                0x000000002000065c                UserRxBufferFS
 .bss.UserTxBufferFS
                0x0000000020000a44      0x3e8 build/usbd_cdc_if.o
                0x0000000020000a44                UserTxBufferFS
 .bss.hpcd_USB_FS
                0x0000000020000e2c      0x2f4 build/usbd_conf.o
                0x0000000020000e2c                hpcd_USB_FS
 .bss.mem.0     0x0000000020001120      0x220 build/usbd_conf.o
 .bss.uwTick    0x0000000020001340        0x4 build/stm32f0xx_hal.o
                0x0000000020001340                uwTick
 .bss.cfgidx.0  0x0000000020001344        0x1 build/usbd_ctlreq.o
 *(COMMON)
                0x0000000020001348                . = ALIGN (0x4)
 *fill*         0x0000000020001345        0x3 
                0x0000000020001348                _ebss = .
                0x0000000020001348                __bss_end__ = _ebss

._user_heap_stack
                0x0000000020001348      0x400 load address 0x0000000008003dbc
                0x0000000020001348                . = ALIGN (0x8)
                [!provide]                        PROVIDE (end = .)
                [!provide]                        PROVIDE (_end = .)
                0x0000000020001548                . = (. + _Min_Heap_Size)
 *fill*         0x0000000020001348      0x200 
                0x0000000020001748                . = (. + _Min_Stack_Size)
 *fill*         0x0000000020001548      0x200 
                0x0000000020001748                . = ALIGN (0x8)

/DISCARD/
 libc.a(*)
 libm.a(*)
 libgcc.a(*)

.ARM.attributes
                0x0000000000000000       0x28
 *(.ARM.attributes)
 .ARM.attributes
                0x0000000000000000       0x1e /home/gray/arm-gcc/gcc-arm-none-eabi/bin/../lib/gcc/arm-none-eabi/10.2.1/thumb/v6-m/nofp/crti.o
 .ARM.attributes
                0x000000000000001e       0x2c /home/gray/arm-gcc/gcc-arm-none-eabi/bin/../lib/gcc/arm-none-eabi/10.2.1/thumb/v6-m/nofp/crtbegin.o
 .ARM.attributes
                0x000000000000004a       0x2c build/main.o
 .ARM.attributes
                0x0000000000000076       0x2c build/stm32f0xx_it.o
 .ARM.attributes
                0x00000000000000a2       0x2c build/stm32f0xx_hal_msp.o
 .ARM.attributes
                0x00000000000000ce       0x2c build/usb_device.o
 .ARM.attributes
                0x00000000000000fa       0x2c build/usbd_desc.o
 .ARM.attributes
                0x0000000000000126       0x2c build/usbd_cdc_if.o
 .ARM.attributes
                0x0000000000000152       0x2c build/usbd_conf.o
 .ARM.attributes
                0x000000000000017e       0x2c build/stm32f0xx_ll_usb.o
 .ARM.attributes
                0x00000000000001aa       0x2c build/stm32f0xx_hal_pcd.o
 .ARM.attributes
                0x00000000000001d6       0x2c build/stm32f0xx_hal_pcd_ex.o
 .ARM.attributes
                0x0000000000000202       0x2c build/stm32f0xx_hal_rcc.o
 .ARM.attributes
                0x000000000000022e       0x2c build/stm32f0xx_hal_rcc_ex.o
 .ARM.attributes
                0x000000000000025a       0x2c build/stm32f0xx_hal.o
 .ARM.attributes
                0x0000000000000286       0x2c build/stm32f0xx_hal_cortex.o
 .ARM.attributes
                0x00000000000002b2       0x2c build/system_stm32f0xx.o
 .ARM.attributes
                0x00000000000002de       0x2c build/usbd_core.o
 .ARM.attributes
                0x000000000000030a       0x2c build/usbd_ctlreq.o
 .ARM.attributes
                0x0000000000000336       0x2c build/usbd_ioreq.o
 .ARM.attributes
                0x0000000000000362       0x2c build/usbd_cdc.o
 .ARM.attributes
                0x000000000000038e       0x21 build/startup_stm32f042x6.o
 .ARM.attributes
                0x00000000000003af       0x2c /home/gray/arm-gcc/gcc-arm-none-eabi/bin/../lib/gcc/arm-none-eabi/10.2.1/../../../../arm-none-eabi/lib/thumb/v6-m/nofp/libc_nano.a(lib_a-init.o)
 .ARM.attributes
                0x00000000000003db       0x2c /home/gray/arm-gcc/gcc-arm-none-eabi/bin/../lib/gcc/arm-none-eabi/10.2.1/../../../../arm-none-eabi/lib/thumb/v6-m/nofp/libc_nano.a(lib_a-memset.o)
 .ARM.attributes
                0x0000000000000407       0x1e /home/gray/arm-gcc/gcc-arm-none-eabi/bin/../lib/gcc/arm-none-eabi/10.2.1/thumb/v6-m/nofp/libgcc.a(_udivsi3.o)
 .ARM.attributes
                0x0000000000000425       0x1e /home/gray/arm-gcc/gcc-arm-none-eabi/bin/../lib/gcc/arm-none-eabi/10.2.1/thumb/v6-m/nofp/libgcc.a(_dvmd_tls.o)
 .ARM.attributes
                0x0000000000000443       0x1e /home/gray/arm-gcc/gcc-arm-none-eabi/bin/../lib/gcc/arm-none-eabi/10.2.1/thumb/v6-m/nofp/crtn.o
OUTPUT(build/mcsw.elf elf32-littlearm)
LOAD linker stubs
LOAD /home/gray/arm-gcc/gcc-arm-none-eabi/bin/../lib/gcc/arm-none-eabi/10.2.1/../../../../arm-none-eabi/lib/thumb/v6-m/nofp/libc.a
LOAD /home/gray/arm-gcc/gcc-arm-none-eabi/bin/../lib/gcc/arm-none-eabi/10.2.1/../../../../arm-none-eabi/lib/thumb/v6-m/nofp/libm.a
LOAD /home/gray/arm-gcc/gcc-arm-none-eabi/bin/../lib/gcc/arm-none-eabi/10.2.1/thumb/v6-m/nofp/libgcc.a

.debug_info     0x0000000000000000     0xe4ed
 .debug_info    0x0000000000000000      0x5ac build/main.o
 .debug_info    0x00000000000005ac      0x71a build/stm32f0xx_it.o
 .debug_info    0x0000000000000cc6      0x1d9 build/stm32f0xx_hal_msp.o
 .debug_info    0x0000000000000e9f      0x741 build/usb_device.o
 .debug_info    0x00000000000015e0      0x62f build/usbd_desc.o
 .debug_info    0x0000000000001c0f      0x94d build/usbd_cdc_if.o
 .debug_info    0x000000000000255c     0x1c77 build/usbd_conf.o
 .debug_info    0x00000000000041d3     0x1a83 build/stm32f0xx_ll_usb.o
 .debug_info    0x0000000000005c56     0x194f build/stm32f0xx_hal_pcd.o
 .debug_info    0x00000000000075a5      0xaa4 build/stm32f0xx_hal_pcd_ex.o
 .debug_info    0x0000000000008049      0xb7e build/stm32f0xx_hal_rcc.o
 .debug_info    0x0000000000008bc7      0x7b2 build/stm32f0xx_hal_rcc_ex.o
 .debug_info    0x0000000000009379      0x800 build/stm32f0xx_hal.o
 .debug_info    0x0000000000009b79      0x8b8 build/stm32f0xx_hal_cortex.o
 .debug_info    0x000000000000a431      0x2ce build/system_stm32f0xx.o
 .debug_info    0x000000000000a6ff      0xe72 build/usbd_core.o
 .debug_info    0x000000000000b571     0x116d build/usbd_ctlreq.o
 .debug_info    0x000000000000c6de      0x883 build/usbd_ioreq.o
 .debug_info    0x000000000000cf61     0x156a build/usbd_cdc.o
 .debug_info    0x000000000000e4cb       0x22 build/startup_stm32f042x6.o

.debug_abbrev   0x0000000000000000     0x29ea
 .debug_abbrev  0x0000000000000000      0x1de build/main.o
 .debug_abbrev  0x00000000000001de      0x168 build/stm32f0xx_it.o
 .debug_abbrev  0x0000000000000346       0xc1 build/stm32f0xx_hal_msp.o
 .debug_abbrev  0x0000000000000407      0x181 build/usb_device.o
 .debug_abbrev  0x0000000000000588      0x21f build/usbd_desc.o
 .debug_abbrev  0x00000000000007a7      0x26c build/usbd_cdc_if.o
 .debug_abbrev  0x0000000000000a13      0x2ff build/usbd_conf.o
 .debug_abbrev  0x0000000000000d12      0x2ed build/stm32f0xx_ll_usb.o
 .debug_abbrev  0x0000000000000fff      0x2bc build/stm32f0xx_hal_pcd.o
 .debug_abbrev  0x00000000000012bb      0x25b build/stm32f0xx_hal_pcd_ex.o
 .debug_abbrev  0x0000000000001516      0x294 build/stm32f0xx_hal_rcc.o
 .debug_abbrev  0x00000000000017aa      0x220 build/stm32f0xx_hal_rcc_ex.o
 .debug_abbrev  0x00000000000019ca      0x249 build/stm32f0xx_hal.o
 .debug_abbrev  0x0000000000001c13      0x2ab build/stm32f0xx_hal_cortex.o
 .debug_abbrev  0x0000000000001ebe      0x134 build/system_stm32f0xx.o
 .debug_abbrev  0x0000000000001ff2      0x293 build/usbd_core.o
 .debug_abbrev  0x0000000000002285      0x2cd build/usbd_ctlreq.o
 .debug_abbrev  0x0000000000002552      0x16f build/usbd_ioreq.o
 .debug_abbrev  0x00000000000026c1      0x317 build/usbd_cdc.o
 .debug_abbrev  0x00000000000029d8       0x12 build/startup_stm32f042x6.o

.debug_loc      0x0000000000000000     0x8e14
 .debug_loc     0x0000000000000000       0x6d build/main.o
 .debug_loc     0x000000000000006d       0x40 build/stm32f0xx_it.o
 .debug_loc     0x00000000000000ad       0x20 build/stm32f0xx_hal_msp.o
 .debug_loc     0x00000000000000cd       0x20 build/usb_device.o
 .debug_loc     0x00000000000000ed      0x45d build/usbd_desc.o
 .debug_loc     0x000000000000054a      0x1cf build/usbd_cdc_if.o
 .debug_loc     0x0000000000000719      0xfa7 build/usbd_conf.o
 .debug_loc     0x00000000000016c0     0x1ae3 build/stm32f0xx_ll_usb.o
 .debug_loc     0x00000000000031a3     0x14a4 build/stm32f0xx_hal_pcd.o
 .debug_loc     0x0000000000004647      0x2c8 build/stm32f0xx_hal_pcd_ex.o
 .debug_loc     0x000000000000490f      0x7d8 build/stm32f0xx_hal_rcc.o
 .debug_loc     0x00000000000050e7      0x856 build/stm32f0xx_hal_rcc_ex.o
 .debug_loc     0x000000000000593d      0x1e1 build/stm32f0xx_hal.o
 .debug_loc     0x0000000000005b1e      0x473 build/stm32f0xx_hal_cortex.o
 .debug_loc     0x0000000000005f91      0x188 build/system_stm32f0xx.o
 .debug_loc     0x0000000000006119      0xa5a build/usbd_core.o
 .debug_loc     0x0000000000006b73     0x150f build/usbd_ctlreq.o
 .debug_loc     0x0000000000008082      0x364 build/usbd_ioreq.o
 .debug_loc     0x00000000000083e6      0xa2e build/usbd_cdc.o

.debug_aranges  0x0000000000000000      0x960
 .debug_aranges
                0x0000000000000000       0x38 build/main.o
 .debug_aranges
                0x0000000000000038       0x48 build/stm32f0xx_it.o
 .debug_aranges
                0x0000000000000080       0x20 build/stm32f0xx_hal_msp.o
 .debug_aranges
                0x00000000000000a0       0x20 build/usb_device.o
 .debug_aranges
                0x00000000000000c0       0x60 build/usbd_desc.o
 .debug_aranges
                0x0000000000000120       0x40 build/usbd_cdc_if.o
 .debug_aranges
                0x0000000000000160      0x118 build/usbd_conf.o
 .debug_aranges
                0x0000000000000278       0xb0 build/stm32f0xx_ll_usb.o
 .debug_aranges
                0x0000000000000328      0x130 build/stm32f0xx_hal_pcd.o
 .debug_aranges
                0x0000000000000458       0x58 build/stm32f0xx_hal_pcd_ex.o
 .debug_aranges
                0x00000000000004b0       0x80 build/stm32f0xx_hal_rcc.o
 .debug_aranges
                0x0000000000000530       0x78 build/stm32f0xx_hal_rcc_ex.o
 .debug_aranges
                0x00000000000005a8       0xd0 build/stm32f0xx_hal.o
 .debug_aranges
                0x0000000000000678       0x78 build/stm32f0xx_hal_cortex.o
 .debug_aranges
                0x00000000000006f0       0x28 build/system_stm32f0xx.o
 .debug_aranges
                0x0000000000000718       0xb8 build/usbd_core.o
 .debug_aranges
                0x00000000000007d0       0x88 build/usbd_ctlreq.o
 .debug_aranges
                0x0000000000000858       0x50 build/usbd_ioreq.o
 .debug_aranges
                0x00000000000008a8       0x90 build/usbd_cdc.o
 .debug_aranges
                0x0000000000000938       0x28 build/startup_stm32f042x6.o

.debug_ranges   0x0000000000000000      0xba0
 .debug_ranges  0x0000000000000000       0x28 build/main.o
 .debug_ranges  0x0000000000000028       0x38 build/stm32f0xx_it.o
 .debug_ranges  0x0000000000000060       0x10 build/stm32f0xx_hal_msp.o
 .debug_ranges  0x0000000000000070       0x10 build/usb_device.o
 .debug_ranges  0x0000000000000080       0x50 build/usbd_desc.o
 .debug_ranges  0x00000000000000d0       0x30 build/usbd_cdc_if.o
 .debug_ranges  0x0000000000000100      0x108 build/usbd_conf.o
 .debug_ranges  0x0000000000000208      0x2d8 build/stm32f0xx_ll_usb.o
 .debug_ranges  0x00000000000004e0      0x1d0 build/stm32f0xx_hal_pcd.o
 .debug_ranges  0x00000000000006b0       0x48 build/stm32f0xx_hal_pcd_ex.o
 .debug_ranges  0x00000000000006f8       0x88 build/stm32f0xx_hal_rcc.o
 .debug_ranges  0x0000000000000780       0x80 build/stm32f0xx_hal_rcc_ex.o
 .debug_ranges  0x0000000000000800       0xc0 build/stm32f0xx_hal.o
 .debug_ranges  0x00000000000008c0       0xc8 build/stm32f0xx_hal_cortex.o
 .debug_ranges  0x0000000000000988       0x18 build/system_stm32f0xx.o
 .debug_ranges  0x00000000000009a0       0xa8 build/usbd_core.o
 .debug_ranges  0x0000000000000a48       0x78 build/usbd_ctlreq.o
 .debug_ranges  0x0000000000000ac0       0x40 build/usbd_ioreq.o
 .debug_ranges  0x0000000000000b00       0x80 build/usbd_cdc.o
 .debug_ranges  0x0000000000000b80       0x20 build/startup_stm32f042x6.o

.debug_line     0x0000000000000000     0x8439
 .debug_line    0x0000000000000000      0x2ef build/main.o
 .debug_line    0x00000000000002ef      0x230 build/stm32f0xx_it.o
 .debug_line    0x000000000000051f      0x13f build/stm32f0xx_hal_msp.o
 .debug_line    0x000000000000065e      0x1f1 build/usb_device.o
 .debug_line    0x000000000000084f      0x346 build/usbd_desc.o
 .debug_line    0x0000000000000b95      0x22a build/usbd_cdc_if.o
 .debug_line    0x0000000000000dbf      0x80d build/usbd_conf.o
 .debug_line    0x00000000000015cc     0x180d build/stm32f0xx_ll_usb.o
 .debug_line    0x0000000000002dd9     0x1568 build/stm32f0xx_hal_pcd.o
 .debug_line    0x0000000000004341      0x400 build/stm32f0xx_hal_pcd_ex.o
 .debug_line    0x0000000000004741      0xc24 build/stm32f0xx_hal_rcc.o
 .debug_line    0x0000000000005365      0x8a8 build/stm32f0xx_hal_rcc_ex.o
 .debug_line    0x0000000000005c0d      0x4d8 build/stm32f0xx_hal.o
 .debug_line    0x00000000000060e5      0x4e4 build/stm32f0xx_hal_cortex.o
 .debug_line    0x00000000000065c9      0x212 build/system_stm32f0xx.o
 .debug_line    0x00000000000067db      0x6fa build/usbd_core.o
 .debug_line    0x0000000000006ed5      0xae8 build/usbd_ctlreq.o
 .debug_line    0x00000000000079bd      0x26c build/usbd_ioreq.o
 .debug_line    0x0000000000007c29      0x787 build/usbd_cdc.o
 .debug_line    0x00000000000083b0       0x89 build/startup_stm32f042x6.o

.debug_str      0x0000000000000000     0x2988
 .debug_str     0x0000000000000000      0x424 build/main.o
                                        0x475 (size before relaxing)
 .debug_str     0x0000000000000424      0x418 build/stm32f0xx_it.o
                                        0x5a9 (size before relaxing)
 .debug_str     0x000000000000083c       0x29 build/stm32f0xx_hal_msp.o
                                        0x1dd (size before relaxing)
 .debug_str     0x0000000000000865      0x3d4 build/usb_device.o
                                        0x61e (size before relaxing)
 .debug_str     0x0000000000000c39      0x187 build/usbd_desc.o
                                        0x429 (size before relaxing)
 .debug_str     0x0000000000000dc0      0x135 build/usbd_cdc_if.o
                                        0x6e5 (size before relaxing)
 .debug_str     0x0000000000000ef5      0x718 build/usbd_conf.o
                                       0x106a (size before relaxing)
 .debug_str     0x000000000000160d      0x24f build/stm32f0xx_ll_usb.o
                                        0x62b (size before relaxing)
 .debug_str     0x000000000000185c      0x155 build/stm32f0xx_hal_pcd.o
                                        0xa7e (size before relaxing)
 .debug_str     0x00000000000019b1      0x193 build/stm32f0xx_hal_pcd_ex.o
                                        0x75a (size before relaxing)
 .debug_str     0x0000000000001b44      0x2a9 build/stm32f0xx_hal_rcc.o
                                        0x644 (size before relaxing)
 .debug_str     0x0000000000001ded      0x2a9 build/stm32f0xx_hal_rcc_ex.o
                                        0x5f0 (size before relaxing)
 .debug_str     0x0000000000002096      0x251 build/stm32f0xx_hal.o
                                        0x69c (size before relaxing)
 .debug_str     0x00000000000022e7      0x219 build/stm32f0xx_hal_cortex.o
                                        0x5e7 (size before relaxing)
 .debug_str     0x0000000000002500       0x3d build/system_stm32f0xx.o
                                        0x255 (size before relaxing)
 .debug_str     0x000000000000253d      0x156 build/usbd_core.o
                                        0x81a (size before relaxing)
 .debug_str     0x0000000000002693       0xe2 build/usbd_ctlreq.o
                                        0x723 (size before relaxing)
 .debug_str     0x0000000000002775       0x60 build/usbd_ioreq.o
                                        0x650 (size before relaxing)
 .debug_str     0x00000000000027d5      0x18f build/usbd_cdc.o
                                        0xc32 (size before relaxing)
 .debug_str     0x0000000000002964       0x24 build/startup_stm32f042x6.o
                                         0x4a (size before relaxing)

.comment        0x0000000000000000       0x4d
 .comment       0x0000000000000000       0x4d build/main.o
                                         0x4e (size before relaxing)
 .comment       0x000000000000004d       0x4e build/stm32f0xx_it.o
 .comment       0x000000000000004d       0x4e build/stm32f0xx_hal_msp.o
 .comment       0x000000000000004d       0x4e build/usb_device.o
 .comment       0x000000000000004d       0x4e build/usbd_desc.o
 .comment       0x000000000000004d       0x4e build/usbd_cdc_if.o
 .comment       0x000000000000004d       0x4e build/usbd_conf.o
 .comment       0x000000000000004d       0x4e build/stm32f0xx_ll_usb.o
 .comment       0x000000000000004d       0x4e build/stm32f0xx_hal_pcd.o
 .comment       0x000000000000004d       0x4e build/stm32f0xx_hal_pcd_ex.o
 .comment       0x000000000000004d       0x4e build/stm32f0xx_hal_rcc.o
 .comment       0x000000000000004d       0x4e build/stm32f0xx_hal_rcc_ex.o
 .comment       0x000000000000004d       0x4e build/stm32f0xx_hal.o
 .comment       0x000000000000004d       0x4e build/stm32f0xx_hal_cortex.o
 .comment       0x000000000000004d       0x4e build/system_stm32f0xx.o
 .comment       0x000000000000004d       0x4e build/usbd_core.o
 .comment       0x000000000000004d       0x4e build/usbd_ctlreq.o
 .comment       0x000000000000004d       0x4e build/usbd_ioreq.o
 .comment       0x000000000000004d       0x4e build/usbd_cdc.o

.debug_frame    0x0000000000000000     0x1588
 .debug_frame   0x0000000000000000       0x64 build/main.o
 .debug_frame   0x0000000000000064       0x80 build/stm32f0xx_it.o
 .debug_frame   0x00000000000000e4       0x24 build/stm32f0xx_hal_msp.o
 .debug_frame   0x0000000000000108       0x28 build/usb_device.o
 .debug_frame   0x0000000000000130       0xe0 build/usbd_desc.o
 .debug_frame   0x0000000000000210       0x78 build/usbd_cdc_if.o
 .debug_frame   0x0000000000000288      0x2f8 build/usbd_conf.o
 .debug_frame   0x0000000000000580      0x184 build/stm32f0xx_ll_usb.o
 .debug_frame   0x0000000000000704      0x338 build/stm32f0xx_hal_pcd.o
 .debug_frame   0x0000000000000a3c       0xa4 build/stm32f0xx_hal_pcd_ex.o
 .debug_frame   0x0000000000000ae0      0x13c build/stm32f0xx_hal_rcc.o
 .debug_frame   0x0000000000000c1c       0xfc build/stm32f0xx_hal_rcc_ex.o
 .debug_frame   0x0000000000000d18      0x1ac build/stm32f0xx_hal.o
 .debug_frame   0x0000000000000ec4       0xe4 build/stm32f0xx_hal_cortex.o
 .debug_frame   0x0000000000000fa8       0x38 build/system_stm32f0xx.o
 .debug_frame   0x0000000000000fe0      0x1c4 build/usbd_core.o
 .debug_frame   0x00000000000011a4      0x168 build/usbd_ctlreq.o
 .debug_frame   0x000000000000130c       0xb8 build/usbd_ioreq.o
 .debug_frame   0x00000000000013c4      0x158 build/usbd_cdc.o
 .debug_frame   0x000000000000151c       0x2c /home/gray/arm-gcc/gcc-arm-none-eabi/bin/../lib/gcc/arm-none-eabi/10.2.1/../../../../arm-none-eabi/lib/thumb/v6-m/nofp/libc_nano.a(lib_a-init.o)
 .debug_frame   0x0000000000001548       0x20 /home/gray/arm-gcc/gcc-arm-none-eabi/bin/../lib/gcc/arm-none-eabi/10.2.1/../../../../arm-none-eabi/lib/thumb/v6-m/nofp/libc_nano.a(lib_a-memset.o)
 .debug_frame   0x0000000000001568       0x20 /home/gray/arm-gcc/gcc-arm-none-eabi/bin/../lib/gcc/arm-none-eabi/10.2.1/thumb/v6-m/nofp/libgcc.a(_udivsi3.o)

Cross Reference Table

Symbol                                            File
ADC1_IRQHandler                                   build/startup_stm32f042x6.o
AHBPrescTable                                     build/system_stm32f0xx.o
                                                  build/stm32f0xx_hal_rcc.o
APBPrescTable                                     build/system_stm32f0xx.o
                                                  build/stm32f0xx_hal_rcc.o
CDC_Transmit_FS                                   build/usbd_cdc_if.o
CEC_CAN_IRQHandler                                build/startup_stm32f042x6.o
DMA1_Channel1_IRQHandler                          build/startup_stm32f042x6.o
DMA1_Channel2_3_IRQHandler                        build/startup_stm32f042x6.o
DMA1_Channel4_5_IRQHandler                        build/startup_stm32f042x6.o
Default_Handler                                   build/startup_stm32f042x6.o
EXTI0_1_IRQHandler                                build/startup_stm32f042x6.o
EXTI2_3_IRQHandler                                build/startup_stm32f042x6.o
EXTI4_15_IRQHandler                               build/startup_stm32f042x6.o
Error_Handler                                     build/main.o
                                                  build/usbd_conf.o
                                                  build/usb_device.o
FLASH_IRQHandler                                  build/startup_stm32f042x6.o
FLASH_PageErase                                   build/stm32f0xx_hal_flash_ex.o
                                                  build/stm32f0xx_hal_flash.o
FLASH_WaitForLastOperation                        build/stm32f0xx_hal_flash.o
                                                  build/stm32f0xx_hal_flash_ex.o
FS_Desc                                           build/usbd_desc.o
                                                  build/usb_device.o
HAL_DBGMCU_DisableDBGStandbyMode                  build/stm32f0xx_hal.o
HAL_DBGMCU_DisableDBGStopMode                     build/stm32f0xx_hal.o
HAL_DBGMCU_EnableDBGStandbyMode                   build/stm32f0xx_hal.o
HAL_DBGMCU_EnableDBGStopMode                      build/stm32f0xx_hal.o
HAL_DMA_Abort                                     build/stm32f0xx_hal_dma.o
HAL_DMA_Abort_IT                                  build/stm32f0xx_hal_dma.o
                                                  build/stm32f0xx_hal_i2c.o
HAL_DMA_DeInit                                    build/stm32f0xx_hal_dma.o
HAL_DMA_GetError                                  build/stm32f0xx_hal_dma.o
HAL_DMA_GetState                                  build/stm32f0xx_hal_dma.o
                                                  build/stm32f0xx_hal_i2c.o
HAL_DMA_IRQHandler                                build/stm32f0xx_hal_dma.o
HAL_DMA_Init                                      build/stm32f0xx_hal_dma.o
HAL_DMA_PollForTransfer                           build/stm32f0xx_hal_dma.o
HAL_DMA_RegisterCallback                          build/stm32f0xx_hal_dma.o
HAL_DMA_Start                                     build/stm32f0xx_hal_dma.o
HAL_DMA_Start_IT                                  build/stm32f0xx_hal_dma.o
                                                  build/stm32f0xx_hal_i2c.o
HAL_DMA_UnRegisterCallback                        build/stm32f0xx_hal_dma.o
HAL_DeInit                                        build/stm32f0xx_hal.o
HAL_Delay                                         build/stm32f0xx_hal.o
                                                  build/stm32f0xx_hal_pcd_ex.o
                                                  build/usbd_conf.o
HAL_EXTI_ClearConfigLine                          build/stm32f0xx_hal_exti.o
HAL_EXTI_ClearPending                             build/stm32f0xx_hal_exti.o
HAL_EXTI_GenerateSWI                              build/stm32f0xx_hal_exti.o
HAL_EXTI_GetConfigLine                            build/stm32f0xx_hal_exti.o
HAL_EXTI_GetHandle                                build/stm32f0xx_hal_exti.o
HAL_EXTI_GetPending                               build/stm32f0xx_hal_exti.o
HAL_EXTI_IRQHandler                               build/stm32f0xx_hal_exti.o
HAL_EXTI_RegisterCallback                         build/stm32f0xx_hal_exti.o
HAL_EXTI_SetConfigLine                            build/stm32f0xx_hal_exti.o
HAL_FLASHEx_Erase                                 build/stm32f0xx_hal_flash_ex.o
HAL_FLASHEx_Erase_IT                              build/stm32f0xx_hal_flash_ex.o
HAL_FLASHEx_OBErase                               build/stm32f0xx_hal_flash_ex.o
HAL_FLASHEx_OBGetConfig                           build/stm32f0xx_hal_flash_ex.o
HAL_FLASHEx_OBGetUserData                         build/stm32f0xx_hal_flash_ex.o
HAL_FLASHEx_OBProgram                             build/stm32f0xx_hal_flash_ex.o
HAL_FLASH_EndOfOperationCallback                  build/stm32f0xx_hal_flash.o
HAL_FLASH_GetError                                build/stm32f0xx_hal_flash.o
HAL_FLASH_IRQHandler                              build/stm32f0xx_hal_flash.o
HAL_FLASH_Lock                                    build/stm32f0xx_hal_flash.o
HAL_FLASH_OB_Launch                               build/stm32f0xx_hal_flash.o
HAL_FLASH_OB_Lock                                 build/stm32f0xx_hal_flash.o
HAL_FLASH_OB_Unlock                               build/stm32f0xx_hal_flash.o
HAL_FLASH_OperationErrorCallback                  build/stm32f0xx_hal_flash.o
HAL_FLASH_Program                                 build/stm32f0xx_hal_flash.o
HAL_FLASH_Program_IT                              build/stm32f0xx_hal_flash.o
HAL_FLASH_Unlock                                  build/stm32f0xx_hal_flash.o
HAL_GPIO_DeInit                                   build/stm32f0xx_hal_gpio.o
HAL_GPIO_EXTI_Callback                            build/stm32f0xx_hal_gpio.o
HAL_GPIO_EXTI_IRQHandler                          build/stm32f0xx_hal_gpio.o
HAL_GPIO_Init                                     build/stm32f0xx_hal_gpio.o
                                                  build/stm32f0xx_hal_rcc.o
HAL_GPIO_LockPin                                  build/stm32f0xx_hal_gpio.o
HAL_GPIO_ReadPin                                  build/stm32f0xx_hal_gpio.o
HAL_GPIO_TogglePin                                build/stm32f0xx_hal_gpio.o
HAL_GPIO_WritePin                                 build/stm32f0xx_hal_gpio.o
HAL_GetDEVID                                      build/stm32f0xx_hal.o
HAL_GetHalVersion                                 build/stm32f0xx_hal.o
HAL_GetREVID                                      build/stm32f0xx_hal.o
HAL_GetTick                                       build/stm32f0xx_hal.o
                                                  build/stm32f0xx_hal_flash.o
                                                  build/stm32f0xx_hal_dma.o
                                                  build/stm32f0xx_hal_i2c.o
                                                  build/stm32f0xx_hal_rcc_ex.o
                                                  build/stm32f0xx_hal_rcc.o
                                                  build/stm32f0xx_hal_pcd_ex.o
HAL_GetTickFreq                                   build/stm32f0xx_hal.o
HAL_GetTickPrio                                   build/stm32f0xx_hal.o
HAL_GetUIDw0                                      build/stm32f0xx_hal.o
HAL_GetUIDw1                                      build/stm32f0xx_hal.o
HAL_GetUIDw2                                      build/stm32f0xx_hal.o
HAL_I2CEx_ConfigAnalogFilter                      build/stm32f0xx_hal_i2c_ex.o
HAL_I2CEx_ConfigDigitalFilter                     build/stm32f0xx_hal_i2c_ex.o
HAL_I2CEx_DisableFastModePlus                     build/stm32f0xx_hal_i2c_ex.o
HAL_I2CEx_DisableWakeUp                           build/stm32f0xx_hal_i2c_ex.o
HAL_I2CEx_EnableFastModePlus                      build/stm32f0xx_hal_i2c_ex.o
HAL_I2CEx_EnableWakeUp                            build/stm32f0xx_hal_i2c_ex.o
HAL_I2C_AbortCpltCallback                         build/stm32f0xx_hal_i2c.o
HAL_I2C_AddrCallback                              build/stm32f0xx_hal_i2c.o
HAL_I2C_DeInit                                    build/stm32f0xx_hal_i2c.o
HAL_I2C_DisableListen_IT                          build/stm32f0xx_hal_i2c.o
HAL_I2C_ER_IRQHandler                             build/stm32f0xx_hal_i2c.o
HAL_I2C_EV_IRQHandler                             build/stm32f0xx_hal_i2c.o
HAL_I2C_EnableListen_IT                           build/stm32f0xx_hal_i2c.o
HAL_I2C_ErrorCallback                             build/stm32f0xx_hal_i2c.o
HAL_I2C_GetError                                  build/stm32f0xx_hal_i2c.o
HAL_I2C_GetMode                                   build/stm32f0xx_hal_i2c.o
HAL_I2C_GetState                                  build/stm32f0xx_hal_i2c.o
HAL_I2C_Init                                      build/stm32f0xx_hal_i2c.o
HAL_I2C_IsDeviceReady                             build/stm32f0xx_hal_i2c.o
HAL_I2C_ListenCpltCallback                        build/stm32f0xx_hal_i2c.o
HAL_I2C_MasterRxCpltCallback                      build/stm32f0xx_hal_i2c.o
HAL_I2C_MasterTxCpltCallback                      build/stm32f0xx_hal_i2c.o
HAL_I2C_Master_Abort_IT                           build/stm32f0xx_hal_i2c.o
HAL_I2C_Master_Receive                            build/stm32f0xx_hal_i2c.o
HAL_I2C_Master_Receive_DMA                        build/stm32f0xx_hal_i2c.o
HAL_I2C_Master_Receive_IT                         build/stm32f0xx_hal_i2c.o
HAL_I2C_Master_Seq_Receive_DMA                    build/stm32f0xx_hal_i2c.o
HAL_I2C_Master_Seq_Receive_IT                     build/stm32f0xx_hal_i2c.o
HAL_I2C_Master_Seq_Transmit_DMA                   build/stm32f0xx_hal_i2c.o
HAL_I2C_Master_Seq_Transmit_IT                    build/stm32f0xx_hal_i2c.o
HAL_I2C_Master_Transmit                           build/stm32f0xx_hal_i2c.o
HAL_I2C_Master_Transmit_DMA                       build/stm32f0xx_hal_i2c.o
HAL_I2C_Master_Transmit_IT                        build/stm32f0xx_hal_i2c.o
HAL_I2C_MemRxCpltCallback                         build/stm32f0xx_hal_i2c.o
HAL_I2C_MemTxCpltCallback                         build/stm32f0xx_hal_i2c.o
HAL_I2C_Mem_Read                                  build/stm32f0xx_hal_i2c.o
HAL_I2C_Mem_Read_DMA                              build/stm32f0xx_hal_i2c.o
HAL_I2C_Mem_Read_IT                               build/stm32f0xx_hal_i2c.o
HAL_I2C_Mem_Write                                 build/stm32f0xx_hal_i2c.o
HAL_I2C_Mem_Write_DMA                             build/stm32f0xx_hal_i2c.o
HAL_I2C_Mem_Write_IT                              build/stm32f0xx_hal_i2c.o
HAL_I2C_MspDeInit                                 build/stm32f0xx_hal_i2c.o
HAL_I2C_MspInit                                   build/stm32f0xx_hal_i2c.o
HAL_I2C_SlaveRxCpltCallback                       build/stm32f0xx_hal_i2c.o
HAL_I2C_SlaveTxCpltCallback                       build/stm32f0xx_hal_i2c.o
HAL_I2C_Slave_Receive                             build/stm32f0xx_hal_i2c.o
HAL_I2C_Slave_Receive_DMA                         build/stm32f0xx_hal_i2c.o
HAL_I2C_Slave_Receive_IT                          build/stm32f0xx_hal_i2c.o
HAL_I2C_Slave_Seq_Receive_DMA                     build/stm32f0xx_hal_i2c.o
HAL_I2C_Slave_Seq_Receive_IT                      build/stm32f0xx_hal_i2c.o
HAL_I2C_Slave_Seq_Transmit_DMA                    build/stm32f0xx_hal_i2c.o
HAL_I2C_Slave_Seq_Transmit_IT                     build/stm32f0xx_hal_i2c.o
HAL_I2C_Slave_Transmit                            build/stm32f0xx_hal_i2c.o
HAL_I2C_Slave_Transmit_DMA                        build/stm32f0xx_hal_i2c.o
HAL_I2C_Slave_Transmit_IT                         build/stm32f0xx_hal_i2c.o
HAL_IncTick                                       build/stm32f0xx_hal.o
                                                  build/stm32f0xx_it.o
HAL_Init                                          build/stm32f0xx_hal.o
                                                  build/main.o
HAL_InitTick                                      build/stm32f0xx_hal.o
                                                  build/stm32f0xx_hal_rcc.o
HAL_MspDeInit                                     build/stm32f0xx_hal.o
HAL_MspInit                                       build/stm32f0xx_hal_msp.o
HAL_NVIC_ClearPendingIRQ                          build/stm32f0xx_hal_cortex.o
HAL_NVIC_DisableIRQ                               build/stm32f0xx_hal_cortex.o
                                                  build/usbd_conf.o
HAL_NVIC_EnableIRQ                                build/stm32f0xx_hal_cortex.o
                                                  build/usbd_conf.o
HAL_NVIC_GetPendingIRQ                            build/stm32f0xx_hal_cortex.o
HAL_NVIC_GetPriority                              build/stm32f0xx_hal_cortex.o
HAL_NVIC_SetPendingIRQ                            build/stm32f0xx_hal_cortex.o
HAL_NVIC_SetPriority                              build/stm32f0xx_hal_cortex.o
                                                  build/stm32f0xx_hal.o
                                                  build/usbd_conf.o
HAL_NVIC_SystemReset                              build/stm32f0xx_hal_cortex.o
HAL_PCDEx_ActivateBCD                             build/stm32f0xx_hal_pcd_ex.o
HAL_PCDEx_ActivateLPM                             build/stm32f0xx_hal_pcd_ex.o
                                                  build/stm32f0xx_hal_pcd.o
HAL_PCDEx_BCD_Callback                            build/stm32f0xx_hal_pcd_ex.o
HAL_PCDEx_BCD_VBUSDetect                          build/stm32f0xx_hal_pcd_ex.o
HAL_PCDEx_DeActivateBCD                           build/stm32f0xx_hal_pcd_ex.o
HAL_PCDEx_DeActivateLPM                           build/stm32f0xx_hal_pcd_ex.o
HAL_PCDEx_LPM_Callback                            build/stm32f0xx_hal_pcd_ex.o
                                                  build/stm32f0xx_hal_pcd.o
HAL_PCDEx_PMAConfig                               build/stm32f0xx_hal_pcd_ex.o
                                                  build/usbd_conf.o
HAL_PCD_ActivateRemoteWakeup                      build/stm32f0xx_hal_pcd.o
HAL_PCD_ConnectCallback                           build/usbd_conf.o
HAL_PCD_DataInStageCallback                       build/usbd_conf.o
HAL_PCD_DataOutStageCallback                      build/usbd_conf.o
HAL_PCD_DeActivateRemoteWakeup                    build/stm32f0xx_hal_pcd.o
HAL_PCD_DeInit                                    build/stm32f0xx_hal_pcd.o
                                                  build/usbd_conf.o
HAL_PCD_DevConnect                                build/stm32f0xx_hal_pcd.o
HAL_PCD_DevDisconnect                             build/stm32f0xx_hal_pcd.o
HAL_PCD_DisconnectCallback                        build/usbd_conf.o
HAL_PCD_EP_Close                                  build/stm32f0xx_hal_pcd.o
                                                  build/usbd_conf.o
HAL_PCD_EP_ClrStall                               build/stm32f0xx_hal_pcd.o
                                                  build/usbd_conf.o
HAL_PCD_EP_Flush                                  build/stm32f0xx_hal_pcd.o
                                                  build/usbd_conf.o
HAL_PCD_EP_GetRxCount                             build/stm32f0xx_hal_pcd.o
                                                  build/usbd_conf.o
HAL_PCD_EP_Open                                   build/stm32f0xx_hal_pcd.o
                                                  build/usbd_conf.o
HAL_PCD_EP_Receive                                build/stm32f0xx_hal_pcd.o
                                                  build/usbd_conf.o
HAL_PCD_EP_SetStall                               build/stm32f0xx_hal_pcd.o
                                                  build/usbd_conf.o
HAL_PCD_EP_Transmit                               build/stm32f0xx_hal_pcd.o
                                                  build/usbd_conf.o
HAL_PCD_GetState                                  build/stm32f0xx_hal_pcd.o
HAL_PCD_IRQHandler                                build/stm32f0xx_hal_pcd.o
                                                  build/stm32f0xx_it.o
HAL_PCD_ISOINIncompleteCallback                   build/usbd_conf.o
HAL_PCD_ISOOUTIncompleteCallback                  build/usbd_conf.o
HAL_PCD_Init                                      build/stm32f0xx_hal_pcd.o
                                                  build/usbd_conf.o
HAL_PCD_MspDeInit                                 build/usbd_conf.o
HAL_PCD_MspInit                                   build/usbd_conf.o
HAL_PCD_ResetCallback                             build/usbd_conf.o
HAL_PCD_ResumeCallback                            build/usbd_conf.o
HAL_PCD_SOFCallback                               build/usbd_conf.o
HAL_PCD_SetAddress                                build/stm32f0xx_hal_pcd.o
                                                  build/usbd_conf.o
HAL_PCD_SetupStageCallback                        build/usbd_conf.o
HAL_PCD_Start                                     build/stm32f0xx_hal_pcd.o
                                                  build/usbd_conf.o
HAL_PCD_Stop                                      build/stm32f0xx_hal_pcd.o
                                                  build/usbd_conf.o
HAL_PCD_SuspendCallback                           build/usbd_conf.o
HAL_PWREx_DisableVddio2Monitor                    build/stm32f0xx_hal_pwr_ex.o
HAL_PWREx_EnableVddio2Monitor                     build/stm32f0xx_hal_pwr_ex.o
HAL_PWREx_Vddio2MonitorCallback                   build/stm32f0xx_hal_pwr_ex.o
HAL_PWREx_Vddio2Monitor_IRQHandler                build/stm32f0xx_hal_pwr_ex.o
HAL_PWR_ConfigPVD                                 build/stm32f0xx_hal_pwr_ex.o
HAL_PWR_DeInit                                    build/stm32f0xx_hal_pwr.o
HAL_PWR_DisableBkUpAccess                         build/stm32f0xx_hal_pwr.o
HAL_PWR_DisablePVD                                build/stm32f0xx_hal_pwr_ex.o
HAL_PWR_DisableSEVOnPend                          build/stm32f0xx_hal_pwr.o
HAL_PWR_DisableSleepOnExit                        build/stm32f0xx_hal_pwr.o
HAL_PWR_DisableWakeUpPin                          build/stm32f0xx_hal_pwr.o
HAL_PWR_EnableBkUpAccess                          build/stm32f0xx_hal_pwr.o
HAL_PWR_EnablePVD                                 build/stm32f0xx_hal_pwr_ex.o
HAL_PWR_EnableSEVOnPend                           build/stm32f0xx_hal_pwr.o
HAL_PWR_EnableSleepOnExit                         build/stm32f0xx_hal_pwr.o
HAL_PWR_EnableWakeUpPin                           build/stm32f0xx_hal_pwr.o
HAL_PWR_EnterSLEEPMode                            build/stm32f0xx_hal_pwr.o
HAL_PWR_EnterSTANDBYMode                          build/stm32f0xx_hal_pwr.o
HAL_PWR_EnterSTOPMode                             build/stm32f0xx_hal_pwr.o
HAL_PWR_PVDCallback                               build/stm32f0xx_hal_pwr_ex.o
HAL_PWR_PVD_IRQHandler                            build/stm32f0xx_hal_pwr_ex.o
HAL_RCCEx_CRSConfig                               build/stm32f0xx_hal_rcc_ex.o
HAL_RCCEx_CRSGetSynchronizationInfo               build/stm32f0xx_hal_rcc_ex.o
HAL_RCCEx_CRSSoftwareSynchronizationGenerate      build/stm32f0xx_hal_rcc_ex.o
HAL_RCCEx_CRSWaitSynchronization                  build/stm32f0xx_hal_rcc_ex.o
HAL_RCCEx_CRS_ErrorCallback                       build/stm32f0xx_hal_rcc_ex.o
HAL_RCCEx_CRS_ExpectedSyncCallback                build/stm32f0xx_hal_rcc_ex.o
HAL_RCCEx_CRS_IRQHandler                          build/stm32f0xx_hal_rcc_ex.o
HAL_RCCEx_CRS_SyncOkCallback                      build/stm32f0xx_hal_rcc_ex.o
HAL_RCCEx_CRS_SyncWarnCallback                    build/stm32f0xx_hal_rcc_ex.o
HAL_RCCEx_GetPeriphCLKConfig                      build/stm32f0xx_hal_rcc_ex.o
HAL_RCCEx_GetPeriphCLKFreq                        build/stm32f0xx_hal_rcc_ex.o
HAL_RCCEx_PeriphCLKConfig                         build/stm32f0xx_hal_rcc_ex.o
                                                  build/main.o
HAL_RCC_CSSCallback                               build/stm32f0xx_hal_rcc.o
HAL_RCC_ClockConfig                               build/stm32f0xx_hal_rcc.o
                                                  build/main.o
HAL_RCC_DeInit                                    build/stm32f0xx_hal_rcc.o
HAL_RCC_DisableCSS                                build/stm32f0xx_hal_rcc.o
HAL_RCC_EnableCSS                                 build/stm32f0xx_hal_rcc.o
HAL_RCC_GetClockConfig                            build/stm32f0xx_hal_rcc.o
HAL_RCC_GetHCLKFreq                               build/stm32f0xx_hal_rcc.o
HAL_RCC_GetOscConfig                              build/stm32f0xx_hal_rcc.o
HAL_RCC_GetPCLK1Freq                              build/stm32f0xx_hal_rcc.o
                                                  build/stm32f0xx_hal_rcc_ex.o
HAL_RCC_GetSysClockFreq                           build/stm32f0xx_hal_rcc.o
                                                  build/stm32f0xx_hal_rcc_ex.o
HAL_RCC_MCOConfig                                 build/stm32f0xx_hal_rcc.o
HAL_RCC_NMI_IRQHandler                            build/stm32f0xx_hal_rcc.o
HAL_RCC_OscConfig                                 build/stm32f0xx_hal_rcc.o
                                                  build/main.o
HAL_ResumeTick                                    build/stm32f0xx_hal.o
HAL_SYSTICK_CLKSourceConfig                       build/stm32f0xx_hal_cortex.o
HAL_SYSTICK_Callback                              build/stm32f0xx_hal_cortex.o
HAL_SYSTICK_Config                                build/stm32f0xx_hal_cortex.o
                                                  build/stm32f0xx_hal.o
HAL_SYSTICK_IRQHandler                            build/stm32f0xx_hal_cortex.o
HAL_SetTickFreq                                   build/stm32f0xx_hal.o
HAL_SuspendTick                                   build/stm32f0xx_hal.o
HardFault_Handler                                 build/stm32f0xx_it.o
I2C1_IRQHandler                                   build/startup_stm32f042x6.o
MX_USB_DEVICE_Init                                build/usb_device.o
                                                  build/main.o
NMI_Handler                                       build/stm32f0xx_it.o
PVD_VDDIO2_IRQHandler                             build/startup_stm32f042x6.o
PendSV_Handler                                    build/stm32f0xx_it.o
RCC_CRS_IRQHandler                                build/startup_stm32f042x6.o
RTC_IRQHandler                                    build/startup_stm32f042x6.o
Reset_Handler                                     build/startup_stm32f042x6.o
SPI1_IRQHandler                                   build/startup_stm32f042x6.o
SPI2_IRQHandler                                   build/startup_stm32f042x6.o
SVC_Handler                                       build/stm32f0xx_it.o
SysTick_Handler                                   build/stm32f0xx_it.o
SystemClock_Config                                build/main.o
                                                  build/usbd_conf.o
SystemCoreClock                                   build/system_stm32f0xx.o
                                                  build/stm32f0xx_hal.o
                                                  build/stm32f0xx_hal_rcc.o
SystemCoreClockUpdate                             build/system_stm32f0xx.o
SystemInit                                        build/system_stm32f0xx.o
                                                  build/startup_stm32f042x6.o
TIM14_IRQHandler                                  build/startup_stm32f042x6.o
TIM16_IRQHandler                                  build/startup_stm32f042x6.o
TIM17_IRQHandler                                  build/startup_stm32f042x6.o
TIM1_BRK_UP_TRG_COM_IRQHandler                    build/startup_stm32f042x6.o
TIM1_CC_IRQHandler                                build/startup_stm32f042x6.o
TIM2_IRQHandler                                   build/startup_stm32f042x6.o
TIM3_IRQHandler                                   build/startup_stm32f042x6.o
TSC_IRQHandler                                    build/startup_stm32f042x6.o
USART1_IRQHandler                                 build/startup_stm32f042x6.o
USART2_IRQHandler                                 build/startup_stm32f042x6.o
USBD_CDC                                          build/usbd_cdc.o
                                                  build/usb_device.o
USBD_CDC_CfgFSDesc                                build/usbd_cdc.o
USBD_CDC_CfgHSDesc                                build/usbd_cdc.o
USBD_CDC_GetDeviceQualifierDescriptor             build/usbd_cdc.o
USBD_CDC_OtherSpeedCfgDesc                        build/usbd_cdc.o
USBD_CDC_ReceivePacket                            build/usbd_cdc.o
                                                  build/usbd_cdc_if.o
USBD_CDC_RegisterInterface                        build/usbd_cdc.o
                                                  build/usb_device.o
USBD_CDC_SetRxBuffer                              build/usbd_cdc.o
                                                  build/usbd_cdc_if.o
USBD_CDC_SetTxBuffer                              build/usbd_cdc.o
                                                  build/usbd_cdc_if.o
USBD_CDC_TransmitPacket                           build/usbd_cdc.o
                                                  build/usbd_cdc_if.o
USBD_ClrClassConfig                               build/usbd_core.o
                                                  build/usbd_ctlreq.o
USBD_CtlContinueRx                                build/usbd_ioreq.o
                                                  build/usbd_core.o
USBD_CtlContinueSendData                          build/usbd_ioreq.o
                                                  build/usbd_core.o
USBD_CtlError                                     build/usbd_ctlreq.o
                                                  build/usbd_cdc.o
USBD_CtlPrepareRx                                 build/usbd_ioreq.o
                                                  build/usbd_cdc.o
USBD_CtlReceiveStatus                             build/usbd_ioreq.o
                                                  build/usbd_core.o
USBD_CtlSendData                                  build/usbd_ioreq.o
                                                  build/usbd_cdc.o
                                                  build/usbd_ctlreq.o
USBD_CtlSendStatus                                build/usbd_ioreq.o
                                                  build/usbd_ctlreq.o
                                                  build/usbd_core.o
USBD_DeInit                                       build/usbd_core.o
USBD_FS_ConfigStrDescriptor                       build/usbd_desc.o
USBD_FS_DeviceDesc                                build/usbd_desc.o
USBD_FS_DeviceDescriptor                          build/usbd_desc.o
USBD_FS_InterfaceStrDescriptor                    build/usbd_desc.o
USBD_FS_LangIDStrDescriptor                       build/usbd_desc.o
USBD_FS_ManufacturerStrDescriptor                 build/usbd_desc.o
USBD_FS_ProductStrDescriptor                      build/usbd_desc.o
USBD_FS_SerialStrDescriptor                       build/usbd_desc.o
USBD_GetRxCount                                   build/usbd_ioreq.o
USBD_GetString                                    build/usbd_ctlreq.o
                                                  build/usbd_desc.o
USBD_Init                                         build/usbd_core.o
                                                  build/usb_device.o
USBD_Interface_fops_FS                            build/usbd_cdc_if.o
                                                  build/usb_device.o
USBD_LL_ClearStallEP                              build/usbd_conf.o
                                                  build/usbd_ctlreq.o
USBD_LL_CloseEP                                   build/usbd_conf.o
                                                  build/usbd_cdc.o
USBD_LL_DataInStage                               build/usbd_core.o
                                                  build/usbd_conf.o
USBD_LL_DataOutStage                              build/usbd_core.o
                                                  build/usbd_conf.o
USBD_LL_DeInit                                    build/usbd_conf.o
                                                  build/usbd_core.o
USBD_LL_Delay                                     build/usbd_conf.o
USBD_LL_DevConnected                              build/usbd_core.o
                                                  build/usbd_conf.o
USBD_LL_DevDisconnected                           build/usbd_core.o
                                                  build/usbd_conf.o
USBD_LL_FlushEP                                   build/usbd_conf.o
USBD_LL_GetRxDataSize                             build/usbd_conf.o
                                                  build/usbd_cdc.o
                                                  build/usbd_ioreq.o
USBD_LL_Init                                      build/usbd_conf.o
                                                  build/usbd_core.o
USBD_LL_IsStallEP                                 build/usbd_conf.o
                                                  build/usbd_ctlreq.o
USBD_LL_IsoINIncomplete                           build/usbd_core.o
                                                  build/usbd_conf.o
USBD_LL_IsoOUTIncomplete                          build/usbd_core.o
                                                  build/usbd_conf.o
USBD_LL_OpenEP                                    build/usbd_conf.o
                                                  build/usbd_cdc.o
                                                  build/usbd_core.o
USBD_LL_PrepareReceive                            build/usbd_conf.o
                                                  build/usbd_cdc.o
                                                  build/usbd_ioreq.o
                                                  build/usbd_core.o
USBD_LL_Reset                                     build/usbd_core.o
                                                  build/usbd_conf.o
USBD_LL_Resume                                    build/usbd_core.o
                                                  build/usbd_conf.o
USBD_LL_SOF                                       build/usbd_core.o
                                                  build/usbd_conf.o
USBD_LL_SetSpeed                                  build/usbd_core.o
                                                  build/usbd_conf.o
USBD_LL_SetUSBAddress                             build/usbd_conf.o
                                                  build/usbd_ctlreq.o
USBD_LL_SetupStage                                build/usbd_core.o
                                                  build/usbd_conf.o
USBD_LL_StallEP                                   build/usbd_conf.o
                                                  build/usbd_ctlreq.o
                                                  build/usbd_core.o
USBD_LL_Start                                     build/usbd_conf.o
                                                  build/usbd_core.o
USBD_LL_Stop                                      build/usbd_conf.o
                                                  build/usbd_core.o
USBD_LL_Suspend                                   build/usbd_core.o
                                                  build/usbd_conf.o
USBD_LL_Transmit                                  build/usbd_conf.o
                                                  build/usbd_cdc.o
                                                  build/usbd_ioreq.o
USBD_LangIDDesc                                   build/usbd_desc.o
USBD_ParseSetupRequest                            build/usbd_ctlreq.o
                                                  build/usbd_core.o
USBD_RegisterClass                                build/usbd_core.o
                                                  build/usb_device.o
USBD_RunTestMode                                  build/usbd_core.o
USBD_SetClassConfig                               build/usbd_core.o
                                                  build/usbd_ctlreq.o
USBD_Start                                        build/usbd_core.o
                                                  build/usb_device.o
USBD_StdDevReq                                    build/usbd_ctlreq.o
                                                  build/usbd_core.o
USBD_StdEPReq                                     build/usbd_ctlreq.o
                                                  build/usbd_core.o
USBD_StdItfReq                                    build/usbd_ctlreq.o
                                                  build/usbd_core.o
USBD_Stop                                         build/usbd_core.o
USBD_StrDesc                                      build/usbd_desc.o
USBD_StringSerial                                 build/usbd_desc.o
USBD_static_free                                  build/usbd_conf.o
                                                  build/usbd_cdc.o
USBD_static_malloc                                build/usbd_conf.o
                                                  build/usbd_cdc.o
USB_ActivateEndpoint                              build/stm32f0xx_ll_usb.o
                                                  build/stm32f0xx_hal_pcd.o
USB_ActivateRemoteWakeup                          build/stm32f0xx_ll_usb.o
                                                  build/stm32f0xx_hal_pcd.o
USB_CoreInit                                      build/stm32f0xx_ll_usb.o
USB_DeActivateRemoteWakeup                        build/stm32f0xx_ll_usb.o
                                                  build/stm32f0xx_hal_pcd.o
USB_DeactivateEndpoint                            build/stm32f0xx_ll_usb.o
                                                  build/stm32f0xx_hal_pcd.o
USB_DevConnect                                    build/stm32f0xx_ll_usb.o
                                                  build/stm32f0xx_hal_pcd.o
USB_DevDisconnect                                 build/stm32f0xx_ll_usb.o
                                                  build/stm32f0xx_hal_pcd.o
USB_DevInit                                       build/stm32f0xx_ll_usb.o
                                                  build/stm32f0xx_hal_pcd.o
USB_DisableGlobalInt                              build/stm32f0xx_ll_usb.o
                                                  build/stm32f0xx_hal_pcd.o
USB_EPClearStall                                  build/stm32f0xx_ll_usb.o
                                                  build/stm32f0xx_hal_pcd.o
USB_EPSetStall                                    build/stm32f0xx_ll_usb.o
                                                  build/stm32f0xx_hal_pcd.o
USB_EPStartXfer                                   build/stm32f0xx_ll_usb.o
                                                  build/stm32f0xx_hal_pcd.o
USB_EnableGlobalInt                               build/stm32f0xx_ll_usb.o
                                                  build/stm32f0xx_hal_pcd.o
USB_IRQHandler                                    build/stm32f0xx_it.o
USB_ReadInterrupts                                build/stm32f0xx_ll_usb.o
                                                  build/stm32f0xx_hal_pcd.o
USB_ReadPMA                                       build/stm32f0xx_ll_usb.o
                                                  build/stm32f0xx_hal_pcd.o
USB_SetCurrentMode                                build/stm32f0xx_ll_usb.o
USB_SetDevAddress                                 build/stm32f0xx_ll_usb.o
                                                  build/stm32f0xx_hal_pcd.o
USB_StopDevice                                    build/stm32f0xx_ll_usb.o
                                                  build/stm32f0xx_hal_pcd.o
USB_WritePMA                                      build/stm32f0xx_ll_usb.o
                                                  build/stm32f0xx_hal_pcd.o
UserRxBufferFS                                    build/usbd_cdc_if.o
UserTxBufferFS                                    build/usbd_cdc_if.o
WWDG_IRQHandler                                   build/startup_stm32f042x6.o
__aeabi_idiv0                                     /home/gray/arm-gcc/gcc-arm-none-eabi/bin/../lib/gcc/arm-none-eabi/10.2.1/thumb/v6-m/nofp/libgcc.a(_dvmd_tls.o)
                                                  /home/gray/arm-gcc/gcc-arm-none-eabi/bin/../lib/gcc/arm-none-eabi/10.2.1/thumb/v6-m/nofp/libgcc.a(_udivsi3.o)
__aeabi_ldiv0                                     /home/gray/arm-gcc/gcc-arm-none-eabi/bin/../lib/gcc/arm-none-eabi/10.2.1/thumb/v6-m/nofp/libgcc.a(_dvmd_tls.o)
__aeabi_uidiv                                     /home/gray/arm-gcc/gcc-arm-none-eabi/bin/../lib/gcc/arm-none-eabi/10.2.1/thumb/v6-m/nofp/libgcc.a(_udivsi3.o)
                                                  build/system_stm32f0xx.o
                                                  build/stm32f0xx_hal_dma.o
                                                  build/stm32f0xx_hal.o
                                                  build/stm32f0xx_hal_rcc_ex.o
                                                  build/stm32f0xx_hal_rcc.o
__aeabi_uidivmod                                  /home/gray/arm-gcc/gcc-arm-none-eabi/bin/../lib/gcc/arm-none-eabi/10.2.1/thumb/v6-m/nofp/libgcc.a(_udivsi3.o)
                                                  build/usbd_cdc.o
                                                  build/usbd_core.o
__bss_end__                                       /home/gray/arm-gcc/gcc-arm-none-eabi/bin/../lib/gcc/arm-none-eabi/10.2.1/../../../../arm-none-eabi/lib/thumb/v6-m/nofp/crt0.o
__bss_start__                                     /home/gray/arm-gcc/gcc-arm-none-eabi/bin/../lib/gcc/arm-none-eabi/10.2.1/../../../../arm-none-eabi/lib/thumb/v6-m/nofp/crt0.o
__call_exitprocs                                  /home/gray/arm-gcc/gcc-arm-none-eabi/bin/../lib/gcc/arm-none-eabi/10.2.1/../../../../arm-none-eabi/lib/thumb/v6-m/nofp/libc_nano.a(lib_a-exit.o)
__deregister_frame_info                           /home/gray/arm-gcc/gcc-arm-none-eabi/bin/../lib/gcc/arm-none-eabi/10.2.1/thumb/v6-m/nofp/crtbegin.o
__dso_handle                                      /home/gray/arm-gcc/gcc-arm-none-eabi/bin/../lib/gcc/arm-none-eabi/10.2.1/thumb/v6-m/nofp/crtbegin.o
__init_array_end                                  /home/gray/arm-gcc/gcc-arm-none-eabi/bin/../lib/gcc/arm-none-eabi/10.2.1/../../../../arm-none-eabi/lib/thumb/v6-m/nofp/libc_nano.a(lib_a-init.o)
__init_array_start                                /home/gray/arm-gcc/gcc-arm-none-eabi/bin/../lib/gcc/arm-none-eabi/10.2.1/../../../../arm-none-eabi/lib/thumb/v6-m/nofp/libc_nano.a(lib_a-init.o)
__libc_fini_array                                 /home/gray/arm-gcc/gcc-arm-none-eabi/bin/../lib/gcc/arm-none-eabi/10.2.1/../../../../arm-none-eabi/lib/thumb/v6-m/nofp/crt0.o
__libc_init_array                                 /home/gray/arm-gcc/gcc-arm-none-eabi/bin/../lib/gcc/arm-none-eabi/10.2.1/../../../../arm-none-eabi/lib/thumb/v6-m/nofp/libc_nano.a(lib_a-init.o)
                                                  build/startup_stm32f042x6.o
                                                  /home/gray/arm-gcc/gcc-arm-none-eabi/bin/../lib/gcc/arm-none-eabi/10.2.1/../../../../arm-none-eabi/lib/thumb/v6-m/nofp/crt0.o
__preinit_array_end                               /home/gray/arm-gcc/gcc-arm-none-eabi/bin/../lib/gcc/arm-none-eabi/10.2.1/../../../../arm-none-eabi/lib/thumb/v6-m/nofp/libc_nano.a(lib_a-init.o)
__preinit_array_start                             /home/gray/arm-gcc/gcc-arm-none-eabi/bin/../lib/gcc/arm-none-eabi/10.2.1/../../../../arm-none-eabi/lib/thumb/v6-m/nofp/libc_nano.a(lib_a-init.o)